Component: ARM Compiler 5.05 update 1 (build 106) Tool: armlink [4d0efa]

==============================================================================

Section Cross References

    main.o(i.main) refers to _printf_percent.o(.ARM.Collect$$_printf_percent$$00000000) for _printf_percent
    main.o(i.main) refers to _printf_f.o(.ARM.Collect$$_printf_percent$$00000003) for _printf_f
    main.o(i.main) refers to printf1.o(x$fpl$printf1) for _printf_fp_dec
    main.o(i.main) refers to bsp.o(i.bsp_Init) for bsp_Init
    main.o(i.main) refers to sensor.o(i.PulseTrig) for PulseTrig
    main.o(i.main) refers to sensor.o(i.UltrasonicRanging) for UltrasonicRanging
    main.o(i.main) refers to sensor.o(i.Object_Temp_Read) for Object_Temp_Read
    main.o(i.main) refers to frleqf.o(x$fpl$frleqf) for __aeabi_cfrcmple
    main.o(i.main) refers to fleqf.o(x$fpl$fleqf) for __aeabi_cfcmple
    main.o(i.main) refers to f2d.o(x$fpl$f2d) for __aeabi_f2d
    main.o(i.main) refers to noretval__2printf.o(.text) for __2printf
    main.o(i.main) refers to display.o(i.PrintfRobot) for PrintfRobot
    main.o(i.main) refers to delay.o(i.delay_ms) for delay_ms
    main.o(i.main) refers to main.o(.data) for dist_measure
    system_stm32f10x.o(i.SetSysClock) refers to system_stm32f10x.o(i.SetSysClockTo72) for SetSysClockTo72
    system_stm32f10x.o(i.SystemCoreClockUpdate) refers to system_stm32f10x.o(.data) for SystemCoreClock
    system_stm32f10x.o(i.SystemInit) refers to system_stm32f10x.o(i.SetSysClock) for SetSysClock
    delay.o(i.delay_init) refers to misc.o(i.SysTick_CLKSourceConfig) for SysTick_CLKSourceConfig
    delay.o(i.delay_init) refers to system_stm32f10x.o(.data) for SystemCoreClock
    delay.o(i.delay_init) refers to delay.o(.data) for fac_us
    delay.o(i.delay_ms) refers to delay.o(.data) for fac_ms
    delay.o(i.delay_us) refers to delay.o(.data) for fac_us
    usart.o(i.USART1_IRQHandler) refers (Special) to use_no_semi_2.o(.text) for __use_no_semihosting
    usart.o(i.USART1_IRQHandler) refers to stm32f10x_usart.o(i.USART_GetITStatus) for USART_GetITStatus
    usart.o(i.USART1_IRQHandler) refers to stm32f10x_usart.o(i.USART_ReceiveData) for USART_ReceiveData
    usart.o(i.USART1_IRQHandler) refers to usart.o(.data) for USART_RX_STA
    usart.o(i.USART1_IRQHandler) refers to usart.o(.bss) for USART_RX_BUF
    usart.o(i._sys_exit) refers (Special) to use_no_semi_2.o(.text) for __use_no_semihosting
    usart.o(i.fputc) refers (Special) to use_no_semi_2.o(.text) for __use_no_semihosting
    usart.o(i.uart_init) refers (Special) to use_no_semi_2.o(.text) for __use_no_semihosting
    usart.o(i.uart_init) refers to stm32f10x_rcc.o(i.RCC_APB2PeriphClockCmd) for RCC_APB2PeriphClockCmd
    usart.o(i.uart_init) refers to stm32f10x_gpio.o(i.GPIO_Init) for GPIO_Init
    usart.o(i.uart_init) refers to misc.o(i.NVIC_Init) for NVIC_Init
    usart.o(i.uart_init) refers to stm32f10x_usart.o(i.USART_Init) for USART_Init
    usart.o(i.uart_init) refers to stm32f10x_usart.o(i.USART_ITConfig) for USART_ITConfig
    usart.o(i.uart_init) refers to stm32f10x_usart.o(i.USART_Cmd) for USART_Cmd
    usart.o(.bss) refers (Special) to use_no_semi_2.o(.text) for __use_no_semihosting
    usart.o(.data) refers (Special) to use_no_semi_2.o(.text) for __use_no_semihosting
    robot.o(i.Auto_Run) refers to f2d.o(x$fpl$f2d) for __aeabi_f2d
    robot.o(i.Auto_Run) refers to faddsub_clz.o(x$fpl$fsub) for __aeabi_fsub
    robot.o(i.Auto_Run) refers to dmul.o(x$fpl$dmul) for __aeabi_dmul
    robot.o(i.Auto_Run) refers to ddiv.o(x$fpl$ddiv) for __aeabi_ddiv
    robot.o(i.Auto_Run) refers to daddsub_clz.o(x$fpl$dadd) for __aeabi_dadd
    robot.o(i.Auto_Run) refers to d2f.o(x$fpl$d2f) for __aeabi_d2f
    robot.o(i.Auto_Run) refers to robot.o(.bss) for QueZhuArray1
    robot.o(i.Auto_Run) refers to main.o(.data) for dist_ideal
    robot.o(i.HuiXuanJiuInit) refers to robot.o(i.fkine_7bot) for fkine_7bot
    robot.o(i.HuiXuanJiuInit) refers to robot.o(.data) for Joint
    robot.o(i.HuiXuanJiuInit) refers to robot.o(.bss) for RHS_7Bot
    robot.o(i.HuiXuanJiuProcess) refers to fflt_clz.o(x$fpl$ffltu) for __aeabi_ui2f
    robot.o(i.HuiXuanJiuProcess) refers to fdiv.o(x$fpl$fdiv) for __aeabi_fdiv
    robot.o(i.HuiXuanJiuProcess) refers to f2d.o(x$fpl$f2d) for __aeabi_f2d
    robot.o(i.HuiXuanJiuProcess) refers to fmul.o(x$fpl$fmul) for __aeabi_fmul
    robot.o(i.HuiXuanJiuProcess) refers to sin.o(i.sin) for sin
    robot.o(i.HuiXuanJiuProcess) refers to dmul.o(x$fpl$dmul) for __aeabi_dmul
    robot.o(i.HuiXuanJiuProcess) refers to cos.o(i.cos) for cos
    robot.o(i.HuiXuanJiuProcess) refers to daddsub_clz.o(x$fpl$dadd) for __aeabi_dadd
    robot.o(i.HuiXuanJiuProcess) refers to d2f.o(x$fpl$d2f) for __aeabi_d2f
    robot.o(i.HuiXuanJiuProcess) refers to fflt_clz.o(x$fpl$fflt) for __aeabi_i2f
    robot.o(i.HuiXuanJiuProcess) refers to robot.o(.bss) for HXJState
    robot.o(i.HuiXuanJiuProcess) refers to robot.o(.data) for k
[...]
    x$fpl$dcheck1                            0x08009cd0   Section       16  dcheck1.o(x$fpl$dcheck1)
    x$fpl$dcmpinf                            0x08009ce0   Section       24  dcmpi.o(x$fpl$dcmpinf)
    x$fpl$ddiv                               0x08009cf8   Section      688  ddiv.o(x$fpl$ddiv)
    ddiv_entry                               0x08009cff   Thumb Code     0  ddiv.o(x$fpl$ddiv)
    x$fpl$dfix                               0x08009fa8   Section       94  dfix.o(x$fpl$dfix)
    x$fpl$dflt                               0x0800a006   Section       46  dflt_clz.o(x$fpl$dflt)
    x$fpl$dfltu                              0x0800a034   Section       38  dflt_clz.o(x$fpl$dfltu)
    x$fpl$dleqf                              0x0800a05c   Section      120  dleqf.o(x$fpl$dleqf)
    x$fpl$dmul                               0x0800a0d4   Section      340  dmul.o(x$fpl$dmul)
    x$fpl$dnaninf                            0x0800a228   Section      156  dnaninf.o(x$fpl$dnaninf)
    x$fpl$dretinf                            0x0800a2c4   Section       12  dretinf.o(x$fpl$dretinf)
    x$fpl$drleqf                             0x0800a2d0   Section      108  drleqf.o(x$fpl$drleqf)
    x$fpl$drsb                               0x0800a33c   Section       22  daddsub_clz.o(x$fpl$drsb)
    x$fpl$dsqrt                              0x0800a354   Section      460  dsqrt_noumaal.o(x$fpl$dsqrt)
    x$fpl$dsub                               0x0800a520   Section      468  daddsub_clz.o(x$fpl$dsub)
    _dsub1                                   0x0800a531   Thumb Code     0  daddsub_clz.o(x$fpl$dsub)
    x$fpl$f2d                                0x0800a6f4   Section       86  f2d.o(x$fpl$f2d)
    x$fpl$fadd                               0x0800a74c   Section      196  faddsub_clz.o(x$fpl$fadd)
    _fadd1                                   0x0800a75b   Thumb Code     0  faddsub_clz.o(x$fpl$fadd)
    x$fpl$fcmpinf                            0x0800a810   Section       24  fcmpi.o(x$fpl$fcmpinf)
    x$fpl$fdiv                               0x0800a828   Section      388  fdiv.o(x$fpl$fdiv)
    _fdiv1                                   0x0800a829   Thumb Code     0  fdiv.o(x$fpl$fdiv)
    x$fpl$feqf                               0x0800a9ac   Section      104  feqf.o(x$fpl$feqf)
    x$fpl$ffixu                              0x0800aa14   Section       62  ffixu.o(x$fpl$ffixu)
    x$fpl$fflt                               0x0800aa54   Section       48  fflt_clz.o(x$fpl$fflt)
    x$fpl$ffltu                              0x0800aa84   Section       38  fflt_clz.o(x$fpl$ffltu)
    x$fpl$fleqf                              0x0800aaac   Section      104  fleqf.o(x$fpl$fleqf)
    x$fpl$fmul                               0x0800ab14   Section      258  fmul.o(x$fpl$fmul)
    x$fpl$fnaninf                            0x0800ac16   Section      140  fnaninf.o(x$fpl$fnaninf)
    x$fpl$fretinf                            0x0800aca2   Section       10  fretinf.o(x$fpl$fretinf)
    x$fpl$frleqf                             0x0800acac   Section       98  frleqf.o(x$fpl$frleqf)
    x$fpl$frsb                               0x0800ad0e   Section       20  faddsub_clz.o(x$fpl$frsb)
    x$fpl$fsub                               0x0800ad24   Section      234  faddsub_clz.o(x$fpl$fsub)
    _fsub1                                   0x0800ad33   Thumb Code     0  faddsub_clz.o(x$fpl$fsub)
    x$fpl$printf1                            0x0800ae0e   Section        4  printf1.o(x$fpl$printf1)
    x$fpl$retnan                             0x0800ae12   Section      100  retnan.o(x$fpl$retnan)
    x$fpl$scalbn                             0x0800ae76   Section       92  scalbn.o(x$fpl$scalbn)
    x$fpl$trapveneer                         0x0800aed2   Section       48  trapv.o(x$fpl$trapveneer)
    .constdata                               0x0800af02   Section     6080  display.o(.constdata)
    x$fpl$usenofp                            0x0800af02   Section        0  usenofp.o(x$fpl$usenofp)
    .constdata                               0x0800c6c8   Section      152  atan.o(.constdata)
    atanhi                                   0x0800c6c8   Data          32  atan.o(.constdata)
    atanlo                                   0x0800c6e8   Data          32  atan.o(.constdata)
    aTodd                                    0x0800c708   Data          40  atan.o(.constdata)
    aTeven                                   0x0800c730   Data          48  atan.o(.constdata)
    .constdata                               0x0800c760   Section      136  pow.o(.constdata)
    bp                                       0x0800c760   Data          16  pow.o(.constdata)
    dp_h                                     0x0800c770   Data          16  pow.o(.constdata)
    dp_l                                     0x0800c780   Data          16  pow.o(.constdata)
    L                                        0x0800c790   Data          48  pow.o(.constdata)
    P                                        0x0800c7c0   Data          40  pow.o(.constdata)
    .constdata                               0x0800c7e8   Section       48  cos_i.o(.constdata)
    C                                        0x0800c7e8   Data          48  cos_i.o(.constdata)
    .constdata                               0x0800c818   Section        8  qnan.o(.constdata)
    .constdata                               0x0800c820   Section      200  rred.o(.constdata)
    pio2s                                    0x0800c820   Data          48  rred.o(.constdata)
    twooverpi                                0x0800c850   Data         152  rred.o(.constdata)
    .constdata                               0x0800c8e8   Section       40  sin_i.o(.constdata)
    S                                        0x0800c8e8   Data          40  sin_i.o(.constdata)
    .constdata                               0x0800c910   Section      148  bigflt0.o(.constdata)
    tenpwrs_x                                0x0800c910   Data          60  bigflt0.o(.constdata)
    tenpwrs_i                                0x0800c94c   Data          64  bigflt0.o(.constdata)
    locale$$data                             0x0800c9c4   Section       28  lc_numeric_c.o(locale$$data)
    __lcnum_c_name                           0x0800c9c8   Data           2  lc_numeric_c.o(locale$$data)
    __lcnum_c_start                          0x0800c9d0   Data           0  lc_numeric_c.o(locale$$data)
    __lcnum_c_point                          0x0800c9dc   Data           0  lc_numeric_c.o(locale$$data)
    __lcnum_c_thousands                      0x0800c9de   Data           0  lc_numeric_c.o(locale$$data)
    __lcnum_c_grouping                       0x0800c9df   Data           0  lc_numeric_c.o(locale$$data)
    __lcnum_c_end                            0x0800c9e0   Data           0  lc_numeric_c.o(locale$$data)
    .data                                    0x20000000   Section       16  main.o(.data)
    .data                                    0x20000010   Section       20  system_stm32f10x.o(.data)
    .data                                    0x20000024   Section        4  delay.o(.data)
    fac_us                                   0x20000024   Data           1  delay.o(.data)
    fac_ms                                   0x20000026   Data           2  delay.o(.data)
    .data                                    0x20000028   Section        6  usart.o(.data)
    .data                                    0x20000030   Section       30  robot.o(.data)
    i                                        0x20000048   Data           2  robot.o(.data)
    IncDir                                   0x2000004a   Data           2  robot.o(.data)
    k                                        0x2000004c   Data           2  robot.o(.data)
    .data                                    0x20000050   Section       16  keyhander.o(.data)
    paramconstate                            0x20000054   Data           4  keyhander.o(.data)
    mode                                     0x20000058   Data           4  keyhander.o(.data)
    .data                                    0x20000060   Section        8  ultrasonic.o(.data)
    .data                                    0x20000068   Section        3  timer.o(.data)
    .data                                    0x2000006b   Section       20  stm32f10x_rcc.o(.data)
    APBAHBPrescTable                         0x2000006b   Data          16  stm32f10x_rcc.o(.data)
    ADCPrescTable                            0x2000007b   Data           4  stm32f10x_rcc.o(.data)
    .bss                                     0x20000080   Section      200  usart.o(.bss)
    .bss                                     0x20000148   Section      132  robot.o(.bss)
    .bss                                     0x200001cc   Section     1024  display.o(.bss)
    .bss                                     0x200005cc   Section       96  libspace.o(.bss)
    HEAP                                     0x20000630   Section      512  startup_stm32f10x_hd.o(HEAP)
    Heap_Mem                                 0x20000630   Data         512  startup_stm32f10x_hd.o(HEAP)
    STACK                                    0x20000830   Section     1024  startup_stm32f10x_hd.o(STACK)
    Stack_Mem                                0x20000830   Data        1024  startup_stm32f10x_hd.o(STACK)
    __initial_sp                             0x20000c30   Data           0  startup_stm32f10x_hd.o(STACK)

    Global Symbols

    Symbol Name                              Value     Ov Type        Size  Object(Section)

    BuildAttributes$$THM_ISAv4$P$D$K$B$S$PE$A:L22UL41UL21$X:L11$S22US41US21$IEEE1$IW$USESV6$~STKCKD$USESV7$~SHL$OTIME$ROPI$IEEEX$EBA8$UX$STANDARDLIB$REQ8$PRES8$EABIv2 0x00000000   Number         0  anon$$obj.o ABSOLUTE
    __ARM_use_no_argv                        0x00000000   Number         0  main.o ABSOLUTE
    _printf_flags                            0x00000000   Number         0  printf_stubs.o ABSOLUTE
    _printf_return_value                     0x00000000   Number         0  printf_stubs.o ABSOLUTE
    _printf_sizespec                         0x00000000   Number         0  printf_stubs.o ABSOLUTE
    _printf_widthprec                        0x00000000   Number         0  printf_stubs.o ABSOLUTE
    __ARM_exceptions_init                     - Undefined Weak Reference
    __alloca_initialize                       - Undefined Weak Reference
    __arm_preinit_                            - Undefined Weak Reference
    __cpp_initialize__aeabi_                  - Undefined Weak Reference
    __cxa_finalize                            - Undefined Weak Reference
    __sigvec_lookup                           - Undefined Weak Reference
    _atexit_init                              - Undefined Weak Reference
    _call_atexit_fns                          - Undefined Weak Reference
    _clock_init                               - Undefined Weak Reference
    _fp_trap_init                             - Undefined Weak Reference
    _fp_trap_shutdown                         - Undefined Weak Reference
    _get_lc_collate                           - Undefined Weak Reference
    _get_lc_ctype                             - Undefined Weak Reference
    _get_lc_monetary                          - Undefined Weak Reference
    _get_lc_time                              - Undefined Weak Reference
    _getenv_init                              - Undefined Weak Reference
    _handle_redirection                       - Undefined Weak Reference
    _init_alloc                               - Undefined Weak Reference
    _init_user_alloc                          - Undefined Weak Reference
    _initio                                   - Undefined Weak Reference
    _mutex_acquire                            - Undefined Weak Reference
    _mutex_release                            - Undefined Weak Reference
    _printf_post_padding                      - Undefined Weak Reference
    _printf_pre_padding                       - Undefined Weak Reference
    _printf_truncate_signed                   - Undefined Weak Reference
    _printf_truncate_unsigned                 - Undefined Weak Reference
    _rand_init                                - Undefined Weak Reference
    _signal_finish                            - Undefined Weak Reference
    _signal_init                              - Undefined Weak Reference
    _terminate_alloc                          - Undefined Weak Reference
    _terminate_user_alloc                     - Undefined Weak Reference
    _terminateio                              - Undefined Weak Reference
    __Vectors_Size                           0x00000130   Number         0  startup_stm32f10x_hd.o ABSOLUTE
    __Vectors                                0x08000000   Data           4  startup_stm32f10x_hd.o(RESET)
    __Vectors_End                            0x08000130   Data           0  startup_stm32f10x_hd.o(RESET)
    __main                                   0x08000131   Thumb Code     8  __main.o(!!!main)
    __scatterload                            0x08000139   Thumb Code     0  __scatter.o(!!!scatter)
    __scatterload_rt2                        0x08000139   Thumb Code    44  __scatter.o(!!!scatter)
    __scatterload_rt2_thumb_only             0x08000139   Thumb Code     0  __scatter.o(!!!scatter)
    __scatterload_null                       0x08000147   Thumb Code     0  __scatter.o(!!!scatter)
    __scatterload_copy                       0x0800016d   Thumb Code    26  __scatter_copy.o(!!handler_copy)
    __scatterload_zeroinit                   0x08000189   Thumb Code    28  __scatter_zi.o(!!handler_zi)
    _printf_f                                0x080001a5   Thumb Code     0  _printf_f.o(.ARM.Collect$$_printf_percent$$00000003)
    _printf_percent                          0x080001a5   Thumb Code     0  _printf_percent.o(.ARM.Collect$$_printf_percent$$00000000)
    _printf_d                                0x080001ab   Thumb Code     0  _printf_d.o(.ARM.Collect$$_printf_percent$$00000009)
    _printf_percent_end                      0x080001b1   Thumb Code     0  _printf_percent_end.o(.ARM.Collect$$_printf_percent$$00000017)
    __rt_lib_init                            0x080001b5   Thumb Code     0  libinit.o(.ARM.Collect$$libinit$$00000000)
    __rt_lib_init_fp_1                       0x080001b7   Thumb Code     0  libinit2.o(.ARM.Collect$$libinit$$00000002)
    __rt_lib_init_heap_1                     0x080001b7   Thumb Code     0  libinit2.o(.ARM.Collect$$libinit$$0000000A)
    __rt_lib_init_lc_common                  0x080001b7   Thumb Code     0  libinit2.o(.ARM.Collect$$libinit$$0000000F)
    __rt_lib_init_preinit_1                  0x080001b7   Thumb Code     0  libinit2.o(.ARM.Collect$$libinit$$00000004)
    __rt_lib_init_rand_1                     0x080001b7   Thumb Code     0  libinit2.o(.ARM.Collect$$libinit$$0000000E)
    __rt_lib_init_user_alloc_1               0x080001b7   Thumb Code     0  libinit2.o(.ARM.Collect$$libinit$$0000000C)
    __rt_lib_init_lc_collate_1               0x080001bd   Thumb Code     0  libinit2.o(.ARM.Collect$$libinit$$00000011)
    __rt_lib_init_lc_ctype_1                 0x080001bd   Thumb Code     0  libinit2.o(.ARM.Collect$$libinit$$00000013)
    __rt_lib_init_lc_monetary_1              0x080001bd   Thumb Code     0  libinit2.o(.ARM.Collect$$libinit$$00000015)
    __rt_lib_init_lc_numeric_2               0x080001bd   Thumb Code     0  libinit2.o(.ARM.Collect$$libinit$$00000016)
    __rt_lib_init_alloca_1                   0x080001c7   Thumb Code     0  libinit2.o(.ARM.Collect$$libinit$$0000002E)
    __rt_lib_init_argv_1                     0x080001c7   Thumb Code     0  libinit2.o(.ARM.Collect$$libinit$$0000002C)
    __rt_lib_init_atexit_1                   0x080001c7   Thumb Code     0  libinit2.o(.ARM.Collect$$libinit$$0000001B)
    __rt_lib_init_clock_1                    0x080001c7   Thumb Code     0  libinit2.o(.ARM.Collect$$libinit$$00000021)
    __rt_lib_init_cpp_1                      0x080001c7   Thumb Code     0  libinit2.o(.ARM.Collect$$libinit$$00000032)
    __rt_lib_init_exceptions_1               0x080001c7   Thumb Code     0  libinit2.o(.ARM.Collect$$libinit$$00000030)
    __rt_lib_init_fp_trap_1                  0x080001c7   Thumb Code     0  libinit2.o(.ARM.Collect$$libinit$$0000001F)
    __rt_lib_init_getenv_1                   0x080001c7   Thumb Code     0  libinit2.o(.ARM.Collect$$libinit$$00000023)
    __rt_lib_init_lc_numeric_1               0x080001c7   Thumb Code     0  libinit2.o(.ARM.Collect$$libinit$$00000017)
    __rt_lib_init_lc_time_1                  0x080001c7   Thumb Code     0  libinit2.o(.ARM.Collect$$libinit$$00000019)
    __rt_lib_init_return                     0x080001c7   Thumb Code     0  libinit2.o(.ARM.Collect$$libinit$$00000033)
    __rt_lib_init_signal_1                   0x080001c7   Thumb Code     0  libinit2.o(.ARM.Collect$$libinit$$0000001D)
    __rt_lib_init_stdio_1                    0x080001c7   Thumb Code     0  libinit2.o(.ARM.Collect$$libinit$$00000025)
    __rt_lib_shutdown                        0x080001c9   Thumb Code     0  libshutdown.o(.ARM.Collect$$libshutdown$$00000000)
    __rt_lib_shutdown_fp_trap_1              0x080001cb   Thumb Code     0  libshutdown2.o(.ARM.Collect$$libshutdown$$00000006)
    __rt_lib_shutdown_heap_1                 0x080001cb   Thumb Code     0  libshutdown2.o(.ARM.Collect$$libshutdown$$0000000E)
    __rt_lib_shutdown_return                 0x080001cb   Thumb Code     0  libshutdown2.o(.ARM.Collect$$libshutdown$$0000000F)
    __rt_lib_shutdown_signal_1               0x080001cb   Thumb Code     0  libshutdown2.o(.ARM.Collect$$libshutdown$$00000009)
    __rt_lib_shutdown_stdio_1                0x080001cb   Thumb Code     0  libshutdown2.o(.ARM.Collect$$libshutdown$$00000003)
    __rt_lib_shutdown_user_alloc_1           0x080001cb   Thumb Code     0  libshutdown2.o(.ARM.Collect$$libshutdown$$0000000B)
    __rt_entry                               0x080001cd   Thumb Code     0  __rtentry.o(.ARM.Collect$$rtentry$$00000000)
    __rt_entry_presh_1                       0x080001cd   Thumb Code     0  __rtentry2.o(.ARM.Collect$$rtentry$$00000002)
    __rt_entry_sh                            0x080001cd   Thumb Code     0  __rtentry4.o(.ARM.Collect$$rtentry$$00000004)
    __rt_entry_li                            0x080001d3   Thumb Code     0  __rtentry2.o(.ARM.Collect$$rtentry$$0000000A)
    __rt_entry_postsh_1                      0x080001d3   Thumb Code     0  __rtentry2.o(.ARM.Collect$$rtentry$$00000009)
    __rt_entry_main                          0x080001d7   Thumb Code     0  __rtentry2.o(.ARM.Collect$$rtentry$$0000000D)
    __rt_entry_postli_1                      0x080001d7   Thumb Code     0  __rtentry2.o(.ARM.Collect$$rtentry$$0000000C)
    __rt_exit                                0x080001df   Thumb Code     0  rtexit.o(.ARM.Collect$$rtexit$$00000000)
    __rt_exit_ls                             0x080001e1   Thumb Code     0  rtexit2.o(.ARM.Collect$$rtexit$$00000003)
    __rt_exit_prels_1                        0x080001e1   Thumb Code     0  rtexit2.o(.ARM.Collect$$rtexit$$00000002)
    __rt_exit_exit                           0x080001e5   Thumb Code     0  rtexit2.o(.ARM.Collect$$rtexit$$00000004)
    Reset_Handler                            0x080001ed   Thumb Code     8  startup_stm32f10x_hd.o(.text)
    ADC1_2_IRQHandler                        0x08000207   Thumb Code     0  startup_stm32f10x_hd.o(.text)
    ADC3_IRQHandler                          0x08000207   Thumb Code     0  startup_stm32f10x_hd.o(.text)
    CAN1_RX1_IRQHandler                      0x08000207   Thumb Code     0  startup_stm32f10x_hd.o(.text)
    CAN1_SCE_IRQHandler                      0x08000207   Thumb Code     0  startup_stm32f10x_hd.o(.text)
    DMA1_Channel1_IRQHandler                 0x08000207   Thumb Code     0  startup_stm32f10x_hd.o(.text)
    DMA1_Channel2_IRQHandler                 0x08000207   Thumb Code     0  startup_stm32f10x_hd.o(.text)
    DMA1_Channel3_IRQHandler                 0x08000207   Thumb Code     0  startup_stm32f10x_hd.o(.text)
    DMA1_Channel4_IRQHandler                 0x08000207   Thumb Code     0  startup_stm32f10x_hd.o(.text)
    DMA1_Channel5_IRQHandler                 0x08000207   Thumb Code     0  startup_stm32f10x_hd.o(.text)
    DMA1_Channel6_IRQHandler                 0x08000207   Thumb Code     0  startup_stm32f10x_hd.o(.text)
    DMA1_Channel7_IRQHandler                 0x08000207   Thumb Code     0  startup_stm32f10x_hd.o(.text)
    DMA2_Channel1_IRQHandler                 0x08000207   Thumb Code     0  startup_stm32f10x_hd.o(.text)
    DMA2_Channel2_IRQHandler                 0x08000207   Thumb Code     0  startup_stm32f10x_hd.o(.text)
    DMA2_Channel3_IRQHandler                 0x08000207   Thumb Code     0  startup_stm32f10x_hd.o(.text)
    DMA2_Channel4_5_IRQHandler               0x08000207   Thumb Code     0  startup_stm32f10x_hd.o(.text)
    EXTI15_10_IRQHandler                     0x08000207   Thumb Code     0  startup_stm32f10x_hd.o(.text)
    EXTI9_5_IRQHandler                       0x08000207   Thumb Code     0  startup_stm32f10x_hd.o(.text)
    FLASH_IRQHandler                         0x08000207   Thumb Code     0  startup_stm32f10x_hd.o(.text)
    FSMC_IRQHandler                          0x08000207   Thumb Code     0  startup_stm32f10x_hd.o(.text)
    I2C1_ER_IRQHandler                       0x08000207   Thumb Code     0  startup_stm32f10x_hd.o(.text)
    I2C1_EV_IRQHandler                       0x08000207   Thumb Code     0  startup_stm32f10x_hd.o(.text)
    I2C2_ER_IRQHandler                       0x08000207   Thumb Code     0  startup_stm32f10x_hd.o(.text)
    I2C2_EV_IRQHandler                       0x08000207   Thumb Code     0  startup_stm32f10x_hd.o(.text)
    PVD_IRQHandler                           0x08000207   Thumb Code     0  startup_stm32f10x_hd.o(.text)
    RCC_IRQHandler                           0x08000207   Thumb Code     0  startup_stm32f10x_hd.o(.text)
    RTCAlarm_IRQHandler                      0x08000207   Thumb Code     0  startup_stm32f10x_hd.o(.text)
    RTC_IRQHandler                           0x08000207   Thumb Code     0  startup_stm32f10x_hd.o(.text)
    SDIO_IRQHandler                          0x08000207   Thumb Code     0  startup_stm32f10x_hd.o(.text)
    SPI1_IRQHandler                          0x08000207   Thumb Code     0  startup_stm32f10x_hd.o(.text)
    SPI2_IRQHandler                          0x08000207   Thumb Code     0  startup_stm32f10x_hd.o(.text)
    SPI3_IRQHandler                          0x08000207   Thumb Code     0  startup_stm32f10x_hd.o(.text)
    TAMPER_IRQHandler                        0x08000207   Thumb Code     0  startup_stm32f10x_hd.o(.text)
    TIM1_BRK_IRQHandler                      0x08000207   Thumb Code     0  startup_stm32f10x_hd.o(.text)
    TIM1_CC_IRQHandler                       0x08000207   Thumb Code     0  startup_stm32f10x_hd.o(.text)
    TIM1_TRG_COM_IRQHandler                  0x08000207   Thumb Code     0  startup_stm32f10x_hd.o(.text)
    TIM1_UP_IRQHandler                       0x08000207   Thumb Code     0  startup_stm32f10x_hd.o(.text)
    TIM2_IRQHandler                          0x08000207   Thumb Code     0  startup_stm32f10x_hd.o(.text)
    TIM4_IRQHandler                          0x08000207   Thumb Code     0  startup_stm32f10x_hd.o(.text)
    TIM6_IRQHandler                          0x08000207   Thumb Code     0  startup_stm32f10x_hd.o(.text)
    TIM7_IRQHandler                          0x08000207   Thumb Code     0  startup_stm32f10x_hd.o(.text)
    TIM8_BRK_IRQHandler                      0x08000207   Thumb Code     0  startup_stm32f10x_hd.o(.text)
    TIM8_CC_IRQHandler                       0x08000207   Thumb Code     0  startup_stm32f10x_hd.o(.text)
    TIM8_TRG_COM_IRQHandler                  0x08000207   Thumb Code     0  startup_stm32f10x_hd.o(.text)
    TIM8_UP_IRQHandler                       0x08000207   Thumb Code     0  startup_stm32f10x_hd.o(.text)
    UART4_IRQHandler                         0x08000207   Thumb Code     0  startup_stm32f10x_hd.o(.text)
    UART5_IRQHandler                         0x08000207   Thumb Code     0  startup_stm32f10x_hd.o(.text)
    USART2_IRQHandler                        0x08000207   Thumb Code     0  startup_stm32f10x_hd.o(.text)
    USART3_IRQHandler                        0x08000207   Thumb Code     0  startup_stm32f10x_hd.o(.text)
    USBWakeUp_IRQHandler                     0x08000207   Thumb Code     0  startup_stm32f10x_hd.o(.text)
    USB_HP_CAN1_TX_IRQHandler                0x08000207   Thumb Code     0  startup_stm32f10x_hd.o(.text)
    USB_LP_CAN1_RX0_IRQHandler               0x08000207   Thumb Code     0  startup_stm32f10x_hd.o(.text)
    WWDG_IRQHandler                          0x08000207   Thumb Code     0  startup_stm32f10x_hd.o(.text)
    __user_initial_stackheap                 0x08000209   Thumb Code     0  startup_stm32f10x_hd.o(.text)
    __use_no_semihosting                     0x0800022d   Thumb Code     2  use_no_semi_2.o(.text)
    __2printf                                0x08000231   Thumb Code    20  noretval__2printf.o(.text)
    _printf_int_dec                          0x08000249   Thumb Code   104  _printf_dec.o(.text)
    __printf                                 0x080002c1   Thumb Code   270  __printf_wp.o(.text)
    __use_two_region_memory                  0x080003cf   Thumb Code     2  heapauxi.o(.text)
    __rt_heap_escrow$2region                 0x080003d1   Thumb Code     2  heapauxi.o(.text)
    __rt_heap_expand$2region                 0x080003d3   Thumb Code     2  heapauxi.o(.text)
    __I$use$semihosting                      0x080003d5   Thumb Code     0  use_no_semi.o(.text)
    __use_no_semihosting_swi                 0x080003d5   Thumb Code     2  use_no_semi.o(.text)
    __read_errno                             0x080003d7   Thumb Code    10  _rserrno.o(.text)
    __set_errno                              0x080003e1   Thumb Code    12  _rserrno.o(.text)
    _printf_int_common                       0x080003ed   Thumb Code   178  _printf_intcommon.o(.text)
    __lib_sel_fp_printf                      0x0800049f   Thumb Code     2  _printf_fp_dec.o(.text)
    _printf_fp_dec_real                      0x0800064d   Thumb Code   620  _printf_fp_dec.o(.text)
    _printf_char_file                        0x080008b9   Thumb Code    32  _printf_char_file.o(.text)
    __rt_locale                              0x080008dd   Thumb Code     8  rt_locale_intlibspace.o(.text)
    __aeabi_errno_addr                       0x080008e5   Thumb Code     8  rt_errno_addr_intlibspace.o(.text)
    __errno$intlibspace                      0x080008e5   Thumb Code     0  rt_errno_addr_intlibspace.o(.text)
    __rt_errno_addr$intlibspace              0x080008e5   Thumb Code     0  rt_errno_addr_intlibspace.o(.text)
    _ll_udiv10                               0x080008ed   Thumb Code   138  lludiv10.o(.text)
    _printf_char_common                      0x08000983   Thumb Code    32  _printf_char_common.o(.text)
    _printf_fp_infnan                        0x080009a9   Thumb Code   112  _printf_fp_infnan.o(.text)
    _btod_etento                             0x08000a29   Thumb Code   216  bigflt0.o(.text)
    ferror                                   0x08000b05   Thumb Code     8  ferror.o(.text)
    __user_libspace                          0x08000b0d   Thumb Code     8  libspace.o(.text)
    __user_perproc_libspace                  0x08000b0d   Thumb Code     0  libspace.o(.text)
    __user_perthread_libspace                0x08000b0d   Thumb Code     0  libspace.o(.text)
    __user_setup_stackheap                   0x08000b15   Thumb Code    74  sys_stackheap_outer.o(.text)
    exit                                     0x08000b5f   Thumb Code    12  exit.o(.text)
    strcmp                                   0x08000b6d   Thumb Code   128  strcmpv7m.o(.text)
    _btod_d2e                                0x08000bed   Thumb Code    62  btod.o(CL$$btod_d2e)
    _d2e_denorm_low                          0x08000c2b   Thumb Code    70  btod.o(CL$$btod_d2e_denorm_low)
    _d2e_norm_op1                            0x08000c71   Thumb Code    96  btod.o(CL$$btod_d2e_norm_op1)
    __btod_div_common                        0x08000cd1   Thumb Code   696  btod.o(CL$$btod_div_common)
    _e2e                                     0x08001009   Thumb Code   198  btod.o(CL$$btod_e2e)
    _btod_ediv                               0x080010cf   Thumb Code    40  btod.o(CL$$btod_ediv)
    _btod_emul                               0x080010f7   Thumb Code    40  btod.o(CL$$btod_emul)
    __btod_mult_common                       0x0800111f   Thumb Code   580  btod.o(CL$$btod_mult_common)
    Adc_Init                                 0x08001363   Thumb Code     2  adc.o(i.Adc_Init)
    Auto_Run                                 0x08001365   Thumb Code   352  robot.o(i.Auto_Run)
    BEEP_Init                                0x080014e1   Thumb Code    50  beep.o(i.BEEP_Init)
    BusFault_Handler                         0x08001519   Thumb Code     4  stm32f10x_it.o(i.BusFault_Handler)
    DebugMon_Handler                         0x0800151d   Thumb Code     2  stm32f10x_it.o(i.DebugMon_Handler)
    Display                                  0x0800151f   Thumb Code    20  display.o(i.Display)
    EXTI0_IRQHandler                         0x08001535   Thumb Code    46  key.o(i.EXTI0_IRQHandler)
    EXTI1_IRQHandler                         0x0800156d   Thumb Code    46  key.o(i.EXTI1_IRQHandler)
    EXTI2_IRQHandler                         0x080015a5   Thumb Code    46  key.o(i.EXTI2_IRQHandler)
    EXTI3_IRQHandler                         0x080015dd   Thumb Code    46  key.o(i.EXTI3_IRQHandler)
    EXTI4_IRQHandler                         0x08001615   Thumb Code    46  key.o(i.EXTI4_IRQHandler)
    EXTI_ClearITPendingBit                   0x0800164d   Thumb Code     6  stm32f10x_exti.o(i.EXTI_ClearITPendingBit)
    EXTI_Init                                0x08001659   Thumb Code   142  stm32f10x_exti.o(i.EXTI_Init)
    GPIO_EXTILineConfig                      0x080016ed   Thumb Code    60  stm32f10x_gpio.o(i.GPIO_EXTILineConfig)
    GPIO_Init                                0x0800172d   Thumb Code   278  stm32f10x_gpio.o(i.GPIO_Init)
    GPIO_PinRemapConfig                      0x08001845   Thumb Code   138  stm32f10x_gpio.o(i.GPIO_PinRemapConfig)
    GPIO_ReadInputDataBit                    0x080018d5   Thumb Code    18  stm32f10x_gpio.o(i.GPIO_ReadInputDataBit)
    GPIO_ResetBits                           0x080018e7   Thumb Code     4  stm32f10x_gpio.o(i.GPIO_ResetBits)
    GPIO_SetBits                             0x080018eb   Thumb Code     4  stm32f10x_gpio.o(i.GPIO_SetBits)
    GPIO_Write                               0x080018ef   Thumb Code     4  stm32f10x_gpio.o(i.GPIO_Write)
    GetControlMode                           0x080018f5   Thumb Code   130  keyhander.o(i.GetControlMode)
    GetParamState                            0x0800198d   Thumb Code   106  keyhander.o(i.GetParamState)
    GetTraj                                  0x08001a01   Thumb Code   154  keyhander.o(i.GetTraj)
    HardFault_Handler                        0x08001aa5   Thumb Code     4  stm32f10x_it.o(i.HardFault_Handler)
    HuiXuanJiuInit                           0x08001aa9   Thumb Code    94  robot.o(i.HuiXuanJiuInit)
    HuiXuanJiuProcess                        0x08001b25   Thumb Code  1248  robot.o(i.HuiXuanJiuProcess)
    Infrared_Temperature_Sensor              0x08002011   Thumb Code   214  sensor.o(i.Infrared_Temperature_Sensor)
    IsNumber                                 0x080020f5   Thumb Code    22  robot.o(i.IsNumber)
    KEY_Init                                 0x0800210d   Thumb Code   368  key.o(i.KEY_Init)
    KEY_UP_SCAN                              0x08002281   Thumb Code    50  key.o(i.KEY_UP_SCAN)
    Key_Back_Hander                          0x080022bd   Thumb Code    26  keyhander.o(i.Key_Back_Hander)
    Key_Down_Hander                          0x080022e1   Thumb Code    36  keyhander.o(i.Key_Down_Hander)
    Key_Forward_Hander                       0x08002311   Thumb Code    24  keyhander.o(i.Key_Forward_Hander)
    Key_Mode_Hander                          0x08002331   Thumb Code    30  keyhander.o(i.Key_Mode_Hander)
    Key_Ok_Hander                            0x08002359   Thumb Code    50  keyhander.o(i.Key_Ok_Hander)
    Key_Up_Hander                            0x080023cd   Thumb Code    36  keyhander.o(i.Key_Up_Hander)
    LED_Init                                 0x080023fd   Thumb Code    52  led.o(i.LED_Init)
    ManualModeShowing                        0x0800243d   Thumb Code   122  display.o(i.ManualModeShowing)
    MemManage_Handler                        0x0800250d   Thumb Code     4  stm32f10x_it.o(i.MemManage_Handler)
    ModeShowing                              0x08002511   Thumb Code   122  display.o(i.ModeShowing)
    NMI_Handler                              0x080025e1   Thumb Code     2  stm32f10x_it.o(i.NMI_Handler)
    NVIC_Init                                0x080025e5   Thumb Code   100  misc.o(i.NVIC_Init)
    NVIC_PriorityGroupConfig                 0x08002655   Thumb Code    10  misc.o(i.NVIC_PriorityGroupConfig)
    OLED_Clear                               0x08002669   Thumb Code    42  display.o(i.OLED_Clear)
    OLED_DrawPoint                           0x08002699   Thumb Code   100  display.o(i.OLED_DrawPoint)
    OLED_Init                                0x08002701   Thumb Code   332  oled.o(i.OLED_Init)
    OLED_Refresh_Gram                        0x08002869   Thumb Code    70  display.o(i.OLED_Refresh_Gram)
    OLED_ShowChar                            0x080028b5   Thumb Code   254  display.o(i.OLED_ShowChar)
    OLED_ShowNum                             0x080029c1   Thumb Code   148  display.o(i.OLED_ShowNum)
    OLED_ShowString                          0x08002a55   Thumb Code    94  display.o(i.OLED_ShowString)
    OLED_WR_Byte                             0x08002ab5   Thumb Code    48  display.o(i.OLED_WR_Byte)
    Object_Temp_Read                         0x08002af5   Thumb Code    10  sensor.o(i.Object_Temp_Read)
    PRShowing                                0x08002b01   Thumb Code   142  display.o(i.PRShowing)
    PendSV_Handler                           0x08002bad   Thumb Code     2  stm32f10x_it.o(i.PendSV_Handler)
    PrintfRobot                              0x08002bb1   Thumb Code   340  display.o(i.PrintfRobot)
    PulseTrig                                0x08002d99   Thumb Code    36  sensor.o(i.PulseTrig)
    QueZhuJiuInit                            0x08002dc5   Thumb Code    76  robot.o(i.QueZhuJiuInit)
    QueZhuJiuProcess                         0x08002e35   Thumb Code   304  robot.o(i.QueZhuJiuProcess)
    RCC_APB1PeriphClockCmd                   0x08002f7d   Thumb Code    26  stm32f10x_rcc.o(i.RCC_APB1PeriphClockCmd)
    RCC_APB2PeriphClockCmd                   0x08002f9d   Thumb Code    26  stm32f10x_rcc.o(i.RCC_APB2PeriphClockCmd)
    RCC_GetClocksFreq                        0x08002fbd   Thumb Code   192  stm32f10x_rcc.o(i.RCC_GetClocksFreq)
    Robot_Init                               0x08003091   Thumb Code    10  robot.o(i.Robot_Init)
    Rot_x                                    0x080030a1   Thumb Code   776  robot.o(i.Rot_x)
    Rot_y                                    0x080033ad   Thumb Code   776  robot.o(i.Rot_y)
    Rot_z                                    0x080036b9   Thumb Code   776  robot.o(i.Rot_z)
    SMBus_M_To_S_Ack                         0x080039c5   Thumb Code    84  sensor.o(i.SMBus_M_To_S_Ack)
    SMBus_Read_Byte                          0x08003a25   Thumb Code    88  sensor.o(i.SMBus_Read_Byte)
    SMBus_S_To_M_Ack                         0x08003a89   Thumb Code   116  sensor.o(i.SMBus_S_To_M_Ack)
    SMBus_Send_Byte                          0x08003b09   Thumb Code    98  sensor.o(i.SMBus_Send_Byte)
    SMBus_Start                              0x08003b75   Thumb Code    70  sensor.o(i.SMBus_Start)
    SMBus_Stop                               0x08003bc9   Thumb Code    70  sensor.o(i.SMBus_Stop)
    SVC_Handler                              0x08003c1d   Thumb Code     2  stm32f10x_it.o(i.SVC_Handler)
    Servo_Init                               0x08003c21   Thumb Code   490  pwm.o(i.Servo_Init)
    Set_Angle                                0x08003f05   Thumb Code   190  robot.o(i.Set_Angle)
    ShowError                                0x08003fc9   Thumb Code     2  display.o(i.ShowError)
    Smbus_Init                               0x08003fcd   Thumb Code    52  smbus.o(i.Smbus_Init)
    SysTick_CLKSourceConfig                  0x0800400d   Thumb Code    40  misc.o(i.SysTick_CLKSourceConfig)
    SysTick_Handler                          0x08004035   Thumb Code     2  stm32f10x_it.o(i.SysTick_Handler)
    SystemInit                               0x08004039   Thumb Code    78  system_stm32f10x.o(i.SystemInit)
    TIM3_IRQHandler                          0x080042d9   Thumb Code   224  timer.o(i.TIM3_IRQHandler)
    TIM3_Int_Init                            0x080043f1   Thumb Code    90  timer.o(i.TIM3_Int_Init)
    TIM5_IRQHandler                          0x08004451   Thumb Code   194  ultrasonic.o(i.TIM5_IRQHandler)
    TIM_ClearITPendingBit                    0x08004521   Thumb Code     6  stm32f10x_tim.o(i.TIM_ClearITPendingBit)
    TIM_Cmd                                  0x08004527   Thumb Code    24  stm32f10x_tim.o(i.TIM_Cmd)
    TIM_GetCapture1                          0x0800453f   Thumb Code     6  stm32f10x_tim.o(i.TIM_GetCapture1)
    TIM_GetITStatus                          0x08004545   Thumb Code    34  stm32f10x_tim.o(i.TIM_GetITStatus)
    TIM_ICInit                               0x08004569   Thumb Code   150  stm32f10x_tim.o(i.TIM_ICInit)
    TIM_ITConfig                             0x08004615   Thumb Code    18  stm32f10x_tim.o(i.TIM_ITConfig)
    TIM_OC1Init                              0x08004629   Thumb Code   132  stm32f10x_tim.o(i.TIM_OC1Init)
    TIM_OC1PolarityConfig                    0x080046c1   Thumb Code    18  stm32f10x_tim.o(i.TIM_OC1PolarityConfig)
    TIM_OC1PreloadConfig                     0x080046d3   Thumb Code    18  stm32f10x_tim.o(i.TIM_OC1PreloadConfig)
    TIM_OC2Init                              0x080046e5   Thumb Code   154  stm32f10x_tim.o(i.TIM_OC2Init)
    TIM_OC2PreloadConfig                     0x08004789   Thumb Code    26  stm32f10x_tim.o(i.TIM_OC2PreloadConfig)
    TIM_OC3Init                              0x080047a5   Thumb Code   150  stm32f10x_tim.o(i.TIM_OC3Init)
    TIM_OC3PreloadConfig                     0x08004845   Thumb Code    18  stm32f10x_tim.o(i.TIM_OC3PreloadConfig)
    TIM_OC4Init                              0x08004859   Thumb Code   114  stm32f10x_tim.o(i.TIM_OC4Init)
    TIM_OC4PreloadConfig                     0x080048d5   Thumb Code    26  stm32f10x_tim.o(i.TIM_OC4PreloadConfig)
    TIM_SetCompare1                          0x080048ef   Thumb Code     4  stm32f10x_tim.o(i.TIM_SetCompare1)
    TIM_SetCompare2                          0x080048f3   Thumb Code     4  stm32f10x_tim.o(i.TIM_SetCompare2)
    TIM_SetCompare3                          0x080048f7   Thumb Code     4  stm32f10x_tim.o(i.TIM_SetCompare3)
    TIM_SetCompare4                          0x080048fb   Thumb Code     6  stm32f10x_tim.o(i.TIM_SetCompare4)
    TIM_SetCounter                           0x08004901   Thumb Code     4  stm32f10x_tim.o(i.TIM_SetCounter)
    TIM_SetIC1Prescaler                      0x08004905   Thumb Code    18  stm32f10x_tim.o(i.TIM_SetIC1Prescaler)
    TIM_SetIC2Prescaler                      0x08004917   Thumb Code    26  stm32f10x_tim.o(i.TIM_SetIC2Prescaler)
    TIM_SetIC3Prescaler                      0x08004931   Thumb Code    18  stm32f10x_tim.o(i.TIM_SetIC3Prescaler)
    TIM_SetIC4Prescaler                      0x08004943   Thumb Code    26  stm32f10x_tim.o(i.TIM_SetIC4Prescaler)
    TIM_TimeBaseInit                         0x0800495d   Thumb Code   122  stm32f10x_tim.o(i.TIM_TimeBaseInit)
    TRIG_Init                                0x08004a01   Thumb Code    38  ultrasonic.o(i.TRIG_Init)
    Transl_x                                 0x08004a2d   Thumb Code    20  robot.o(i.Transl_x)
    Transl_y                                 0x08004a45   Thumb Code    20  robot.o(i.Transl_y)
    Transl_z                                 0x08004a5d   Thumb Code    20  robot.o(i.Transl_z)
    USART1_IRQHandler                        0x08004a75   Thumb Code   122  usart.o(i.USART1_IRQHandler)
    USART_Cmd                                0x08004afd   Thumb Code    24  stm32f10x_usart.o(i.USART_Cmd)
    USART_GetITStatus                        0x08004b15   Thumb Code    84  stm32f10x_usart.o(i.USART_GetITStatus)
    USART_ITConfig                           0x08004b69   Thumb Code    74  stm32f10x_usart.o(i.USART_ITConfig)
    USART_Init                               0x08004bb5   Thumb Code   210  stm32f10x_usart.o(i.USART_Init)
    USART_ReceiveData                        0x08004c8d   Thumb Code    10  stm32f10x_usart.o(i.USART_ReceiveData)
    UltrasonicRanging                        0x08004c99   Thumb Code    76  sensor.o(i.UltrasonicRanging)
    UltrasonicRanging_Init                   0x08004cf9   Thumb Code   168  ultrasonic.o(i.UltrasonicRanging_Init)
    UsageFault_Handler                       0x08004da9   Thumb Code     4  stm32f10x_it.o(i.UsageFault_Handler)
    __ARM_fpclassify                         0x08004dad   Thumb Code    40  fpclassify.o(i.__ARM_fpclassify)
    __ieee754_rem_pio2                       0x08004dd5   Thumb Code   828  rred.o(i.__ieee754_rem_pio2)
    __kernel_cos                             0x0800515d   Thumb Code   230  cos_i.o(i.__kernel_cos)
    __kernel_poly                            0x08005259   Thumb Code   170  poly.o(i.__kernel_poly)
    __kernel_sin                             0x08005305   Thumb Code   224  sin_i.o(i.__kernel_sin)
    __mathlib_dbl_divzero                    0x080053f1   Thumb Code    12  dunder.o(i.__mathlib_dbl_divzero)
    __mathlib_dbl_infnan                     0x08005401   Thumb Code     6  dunder.o(i.__mathlib_dbl_infnan)
    __mathlib_dbl_infnan2                    0x08005407   Thumb Code     4  dunder.o(i.__mathlib_dbl_infnan2)
    __mathlib_dbl_invalid                    0x0800540b   Thumb Code    12  dunder.o(i.__mathlib_dbl_invalid)
    __mathlib_dbl_overflow                   0x08005417   Thumb Code    14  dunder.o(i.__mathlib_dbl_overflow)
    __mathlib_dbl_underflow                  0x08005425   Thumb Code    10  dunder.o(i.__mathlib_dbl_underflow)
    _is_digit                                0x08005435   Thumb Code    14  __printf_wp.o(i._is_digit)
    _sys_exit                                0x08005443   Thumb Code     6  usart.o(i._sys_exit)
    ang2rad                                  0x08005449   Thumb Code    22  robot.o(i.ang2rad)
    atan                                     0x08005469   Thumb Code   474  atan.o(i.atan)
    atan2                                    0x08005689   Thumb Code   346  atan2.o(i.atan2)
    bsp_Init                                 0x08005809   Thumb Code    84  bsp.o(i.bsp_Init)
    cos                                      0x08005871   Thumb Code   148  cos.o(i.cos)
    delay_init                               0x0800590d   Thumb Code    50  delay.o(i.delay_init)
    delay_ms                                 0x08005951   Thumb Code    72  delay.o(i.delay_ms)
    delay_us                                 0x0800599d   Thumb Code    72  delay.o(i.delay_us)
    fkine_7bot                               0x080059e9   Thumb Code 10960  robot.o(i.fkine_7bot)
    fputc                                    0x080084bd   Thumb Code    24  usart.o(i.fputc)
    ikine_7bot                               0x080084d9   Thumb Code  2388  robot.o(i.ikine_7bot)
    main                                     0x08008e2d   Thumb Code   154  main.o(i.main)
    mapping                                  0x08008f2d   Thumb Code    74  robot.o(i.mapping)
    mypow                                    0x08008f77   Thumb Code    22  display.o(i.mypow)
    pow                                      0x08008f8d   Thumb Code  2478  pow.o(i.pow)
    rad2ang                                  0x08009945   Thumb Code    22  robot.o(i.rad2ang)
    sin                                      0x08009965   Thumb Code   150  sin.o(i.sin)
    sqrt                                     0x08009a05   Thumb Code    76  sqrt.o(i.sqrt)
    uart_init                                0x08009a51   Thumb Code   152  usart.o(i.uart_init)
    _get_lc_numeric                          0x08009af1   Thumb Code    44  lc_numeric_c.o(locale$$code)
    __aeabi_d2f                              0x08009b1d   Thumb Code     0  d2f.o(x$fpl$d2f)
    _d2f                                     0x08009b1d   Thumb Code    98  d2f.o(x$fpl$d2f)
    __aeabi_dadd                             0x08009b81   Thumb Code     0  daddsub_clz.o(x$fpl$dadd)
    _dadd                                    0x08009b81   Thumb Code   332  daddsub_clz.o(x$fpl$dadd)
    __fpl_dcheck_NaN1                        0x08009cd1   Thumb Code    10  dcheck1.o(x$fpl$dcheck1)
    __fpl_dcmp_Inf                           0x08009ce1   Thumb Code    24  dcmpi.o(x$fpl$dcmpinf)
    __aeabi_ddiv                             0x08009cf9   Thumb Code     0  ddiv.o(x$fpl$ddiv)
    _ddiv                                    0x08009cf9   Thumb Code   552  ddiv.o(x$fpl$ddiv)
    __aeabi_d2iz                             0x08009fa9   Thumb Code     0  dfix.o(x$fpl$dfix)
    _dfix                                    0x08009fa9   Thumb Code    94  dfix.o(x$fpl$dfix)
    __aeabi_i2d                              0x0800a007   Thumb Code     0  dflt_clz.o(x$fpl$dflt)
    _dflt                                    0x0800a007   Thumb Code    46  dflt_clz.o(x$fpl$dflt)
    __aeabi_ui2d                             0x0800a035   Thumb Code     0  dflt_clz.o(x$fpl$dfltu)
    _dfltu                                   0x0800a035   Thumb Code    38  dflt_clz.o(x$fpl$dfltu)
    __aeabi_cdcmple                          0x0800a05d   Thumb Code     0  dleqf.o(x$fpl$dleqf)
    _dcmple                                  0x0800a05d   Thumb Code   120  dleqf.o(x$fpl$dleqf)
    __fpl_dcmple_InfNaN                      0x0800a0bf   Thumb Code     0  dleqf.o(x$fpl$dleqf)
    __aeabi_dmul                             0x0800a0d5   Thumb Code     0  dmul.o(x$fpl$dmul)
    _dmul                                    0x0800a0d5   Thumb Code   332  dmul.o(x$fpl$dmul)
    __fpl_dnaninf                            0x0800a229   Thumb Code   156  dnaninf.o(x$fpl$dnaninf)
    __fpl_dretinf                            0x0800a2c5   Thumb Code    12  dretinf.o(x$fpl$dretinf)
    __aeabi_cdrcmple                         0x0800a2d1   Thumb Code     0  drleqf.o(x$fpl$drleqf)
    _drcmple                                 0x0800a2d1   Thumb Code   108  drleqf.o(x$fpl$drleqf)
    __aeabi_drsub                            0x0800a33d   Thumb Code     0  daddsub_clz.o(x$fpl$drsb)
    _drsb                                    0x0800a33d   Thumb Code    22  daddsub_clz.o(x$fpl$drsb)
    _dsqrt                                   0x0800a355   Thumb Code   456  dsqrt_noumaal.o(x$fpl$dsqrt)
    __aeabi_dsub                             0x0800a521   Thumb Code     0  daddsub_clz.o(x$fpl$dsub)
    _dsub                                    0x0800a521   Thumb Code   464  daddsub_clz.o(x$fpl$dsub)
    __aeabi_f2d                              0x0800a6f5   Thumb Code     0  f2d.o(x$fpl$f2d)
    _f2d                                     0x0800a6f5   Thumb Code    86  f2d.o(x$fpl$f2d)
    __aeabi_fadd                             0x0800a74d   Thumb Code     0  faddsub_clz.o(x$fpl$fadd)
    _fadd                                    0x0800a74d   Thumb Code   196  faddsub_clz.o(x$fpl$fadd)
    __fpl_fcmp_Inf                           0x0800a811   Thumb Code    24  fcmpi.o(x$fpl$fcmpinf)
    __aeabi_fdiv                             0x0800a829   Thumb Code     0  fdiv.o(x$fpl$fdiv)
    _fdiv                                    0x0800a829   Thumb Code   384  fdiv.o(x$fpl$fdiv)
    __aeabi_cfcmpeq                          0x0800a9ad   Thumb Code     0  feqf.o(x$fpl$feqf)
    _fcmpeq                                  0x0800a9ad   Thumb Code   104  feqf.o(x$fpl$feqf)
    __aeabi_f2uiz                            0x0800aa15   Thumb Code     0  ffixu.o(x$fpl$ffixu)
    _ffixu                                   0x0800aa15   Thumb Code    62  ffixu.o(x$fpl$ffixu)
    __aeabi_i2f                              0x0800aa55   Thumb Code     0  fflt_clz.o(x$fpl$fflt)
    _fflt                                    0x0800aa55   Thumb Code    48  fflt_clz.o(x$fpl$fflt)
    __aeabi_ui2f                             0x0800aa85   Thumb Code     0  fflt_clz.o(x$fpl$ffltu)
    _ffltu                                   0x0800aa85   Thumb Code    38  fflt_clz.o(x$fpl$ffltu)
    __aeabi_cfcmple                          0x0800aaad   Thumb Code     0  fleqf.o(x$fpl$fleqf)
    _fcmple                                  0x0800aaad   Thumb Code   104  fleqf.o(x$fpl$fleqf)
    __fpl_fcmple_InfNaN                      0x0800aaff   Thumb Code     0  fleqf.o(x$fpl$fleqf)
    __aeabi_fmul                             0x0800ab15   Thumb Code     0  fmul.o(x$fpl$fmul)
    _fmul                                    0x0800ab15   Thumb Code   258  fmul.o(x$fpl$fmul)
    __fpl_fnaninf                            0x0800ac17   Thumb Code   140  fnaninf.o(x$fpl$fnaninf)
    __fpl_fretinf                            0x0800aca3   Thumb Code    10  fretinf.o(x$fpl$fretinf)
    __aeabi_cfrcmple                         0x0800acad   Thumb Code     0  frleqf.o(x$fpl$frleqf)
    _frcmple                                 0x0800acad   Thumb Code    98  frleqf.o(x$fpl$frleqf)
    __aeabi_frsub                            0x0800ad0f   Thumb Code     0  faddsub_clz.o(x$fpl$frsb)
    _frsb                                    0x0800ad0f   Thumb Code    20  faddsub_clz.o(x$fpl$frsb)
    __aeabi_fsub                             0x0800ad25   Thumb Code     0  faddsub_clz.o(x$fpl$fsub)
    _fsub                                    0x0800ad25   Thumb Code   234  faddsub_clz.o(x$fpl$fsub)
    _printf_fp_dec                           0x0800ae0f   Thumb Code     4  printf1.o(x$fpl$printf1)
    __fpl_return_NaN                         0x0800ae13   Thumb Code   100  retnan.o(x$fpl$retnan)
    __ARM_scalbn                             0x0800ae77   Thumb Code    92  scalbn.o(x$fpl$scalbn)
    __fpl_cmpreturn                          0x0800aed3   Thumb Code    48  trapv.o(x$fpl$trapveneer)
    __I$use$fp                               0x0800af02   Number         0  usenofp.o(x$fpl$usenofp)
    asc2_1206                                0x0800af02   Data        1140  display.o(.constdata)
    asc2_1608                                0x0800b376   Data        1520  display.o(.constdata)
    asc2_2412                                0x0800b966   Data        3420  display.o(.constdata)
    __mathlib_zero                           0x0800c818   Data           8  qnan.o(.constdata)
    Region$$Table$$Base                      0x0800c9a4   Number         0  anon$$obj.o(Region$$Table)
    Region$$Table$$Limit                     0x0800c9c4   Number         0  anon$$obj.o(Region$$Table)
    dist_measure                             0x20000000   Data           4  main.o(.data)
    dist_ideal                               0x20000004   Data           4  main.o(.data)
    dist_old                                 0x20000008   Data           4  main.o(.data)
    temperature                              0x2000000c   Data           4  main.o(.data)
    SystemCoreClock                          0x20000010   Data           4  system_stm32f10x.o(.data)
    AHBPrescTable                            0x20000014   Data          16  system_stm32f10x.o(.data)
    __stdout                                 0x20000028   Data           4  usart.o(.data)
    USART_RX_STA                             0x2000002c   Data           2  usart.o(.data)
    Joint                                    0x20000030   Data          24  robot.o(.data)
    ControlMode                              0x20000050   Data           1  keyhander.o(.data)
    ParamState                               0x20000051   Data           1  keyhander.o(.data)
    ACK                                      0x2000005c   Data           4  keyhander.o(.data)
    TIM5CH1_CAPTURE_STA                      0x20000060   Data           1  ultrasonic.o(.data)
    TIM5CH1_CAPTURE_VAL                      0x20000064   Data           4  ultrasonic.o(.data)
    QueZhuJiuEN                              0x20000068   Data           1  timer.o(.data)
    HuiXuanJiuEN                             0x20000069   Data           1  timer.o(.data)
    AutoModeEN                               0x2000006a   Data           1  timer.o(.data)
    USART_RX_BUF                             0x20000080   Data         200  usart.o(.bss)
    RHS_7Bot                                 0x20000148   Data          48  robot.o(.bss)
    QueZhuArray1                             0x20000178   Data          12  robot.o(.bss)
    QueZhuArray2                             0x20000184   Data          12  robot.o(.bss)
    QueZhuArray0                             0x20000190   Data          12  robot.o(.bss)
    HXJState                                 0x2000019c   Data          48  robot.o(.bss)
    OLED_GRAM                                0x200001cc   Data        1024  display.o(.bss)
    __libspace_start                         0x200005cc   Data          96  libspace.o(.bss)
    __temporary_stack_top$libspace           0x2000062c   Data           0  libspace.o(.bss)



==============================================================================

Memory Map of the image

  Image Entry point : 0x080001ed

  Load Region LR_1 (Base: 0x08000000, Size: 0x0000ca60, Max: 0xffffffff, ABSOLUTE)

    Execution Region ER_RO (Base: 0x08000000, Size: 0x0000c9e0, Max: 0xffffffff, ABSOLUTE)

    Base Addr    Size         Type   Attr      Idx    E Section Name        Object

    0x08000000   0x00000130   Data   RO         1043    RESET               startup_stm32f10x_hd.o
    0x08000130   0x00000008   Code   RO         2463  * !!!main             c_w.l(__main.o)
    0x08000138   0x00000034   Code   RO         2848    !!!scatter          c_w.l(__scatter.o)
    0x0800016c   0x0000001a   Code   RO         2850    !!handler_copy      c_w.l(__scatter_copy.o)
    0x08000186   0x00000002   PAD
    0x08000188   0x0000001c   Code   RO         2852    !!handler_zi        c_w.l(__scatter_zi.o)
    0x080001a4   0x00000000   Code   RO         2460    .ARM.Collect$$_printf_percent$$00000000  c_w.l(_printf_percent.o)
    0x080001a4   0x00000006   Code   RO         2459    .ARM.Collect$$_printf_percent$$00000003  c_w.l(_printf_f.o)
    0x080001aa   0x00000006   Code   RO         2458    .ARM.Collect$$_printf_percent$$00000009  c_w.l(_printf_d.o)
    0x080001b0   0x00000004   Code   RO         2584    .ARM.Collect$$_printf_percent$$00000017  c_w.l(_printf_percent_end.o)
    0x080001b4   0x00000002   Code   RO         2722    .ARM.Collect$$libinit$$00000000  c_w.l(libinit.o)
    0x080001b6   0x00000000   Code   RO         2724    .ARM.Collect$$libinit$$00000002  c_w.l(libinit2.o)
    0x080001b6   0x00000000   Code   RO         2726    .ARM.Collect$$libinit$$00000004  c_w.l(libinit2.o)
    0x080001b6   0x00000000   Code   RO         2729    .ARM.Collect$$libinit$$0000000A  c_w.l(libinit2.o)
    0x080001b6   0x00000000   Code   RO         2731    .ARM.Collect$$libinit$$0000000C  c_w.l(libinit2.o)
    0x080001b6   0x00000000   Code   RO         2733    .ARM.Collect$$libinit$$0000000E  c_w.l(libinit2.o)
    0x080001b6   0x00000006   Code   RO         2734    .ARM.Collect$$libinit$$0000000F  c_w.l(libinit2.o)
    0x080001bc   0x00000000   Code   RO         2736    .ARM.Collect$$libinit$$00000011  c_w.l(libinit2.o)
    0x080001bc   0x00000000   Code   RO         2738    .ARM.Collect$$libinit$$00000013  c_w.l(libinit2.o)
    0x080001bc   0x00000000   Code   RO         2740    .ARM.Collect$$libinit$$00000015  c_w.l(libinit2.o)
    0x080001bc   0x0000000a   Code   RO         2741    .ARM.Collect$$libinit$$00000016  c_w.l(libinit2.o)
    0x080001c6   0x00000000   Code   RO         2742    .ARM.Collect$$libinit$$00000017  c_w.l(libinit2.o)
    0x080001c6   0x00000000   Code   RO         2744    .ARM.Collect$$libinit$$00000019  c_w.l(libinit2.o)
    0x080001c6   0x00000000   Code   RO         2746    .ARM.Collect$$libinit$$0000001B  c_w.l(libinit2.o)
    0x080001c6   0x00000000   Code   RO         2748    .ARM.Collect$$libinit$$0000001D  c_w.l(libinit2.o)
    0x080001c6   0x00000000   Code   RO         2750    .ARM.Collect$$libinit$$0000001F  c_w.l(libinit2.o)
    0x080001c6   0x00000000   Code   RO         2752    .ARM.Collect$$libinit$$00000021  c_w.l(libinit2.o)
    0x080001c6   0x00000000   Code   RO         2754    .ARM.Collect$$libinit$$00000023  c_w.l(libinit2.o)
    0x080001c6   0x00000000   Code   RO         2756    .ARM.Collect$$libinit$$00000025  c_w.l(libinit2.o)
    0x080001c6   0x00000000   Code   RO         2760    .ARM.Collect$$libinit$$0000002C  c_w.l(libinit2.o)
    0x080001c6   0x00000000   Code   RO         2762    .ARM.Collect$$libinit$$0000002E  c_w.l(libinit2.o)
    0x080001c6   0x00000000   Code   RO         2764    .ARM.Collect$$libinit$$00000030  c_w.l(libinit2.o)
    0x080001c6   0x00000000   Code   RO         2766    .ARM.Collect$$libinit$$00000032  c_w.l(libinit2.o)
    0x080001c6   0x00000002   Code   RO         2767    .ARM.Collect$$libinit$$00000033  c_w.l(libinit2.o)
    0x080001c8   0x00000002   Code   RO         2799    .ARM.Collect$$libshutdown$$00000000  c_w.l(libshutdown.o)
    0x080001ca   0x00000000   Code   RO         2809    .ARM.Collect$$libshutdown$$00000003  c_w.l(libshutdown2.o)
    0x080001ca   0x00000000   Code   RO         2812    .ARM.Collect$$libshutdown$$00000006  c_w.l(libshutdown2.o)
    0x080001ca   0x00000000   Code   RO         2815    .ARM.Collect$$libshutdown$$00000009  c_w.l(libshutdown2.o)
    0x080001ca   0x00000000   Code   RO         2817    .ARM.Collect$$libshutdown$$0000000B  c_w.l(libshutdown2.o)
    0x080001ca   0x00000000   Code   RO         2820    .ARM.Collect$$libshutdown$$0000000E  c_w.l(libshutdown2.o)
    0x080001ca   0x00000002   Code   RO         2821    .ARM.Collect$$libshutdown$$0000000F  c_w.l(libshutdown2.o)
    0x080001cc   0x00000000   Code   RO         2575    .ARM.Collect$$rtentry$$00000000  c_w.l(__rtentry.o)
    0x080001cc   0x00000000   Code   RO         2636    .ARM.Collect$$rtentry$$00000002  c_w.l(__rtentry2.o)
    0x080001cc   0x00000006   Code   RO         2648    .ARM.Collect$$rtentry$$00000004  c_w.l(__rtentry4.o)
    0x080001d2   0x00000000   Code   RO         2638    .ARM.Collect$$rtentry$$00000009  c_w.l(__rtentry2.o)
    0x080001d2   0x00000004   Code   RO         2639    .ARM.Collect$$rtentry$$0000000A  c_w.l(__rtentry2.o)
    0x080001d6   0x00000000   Code   RO         2641    .ARM.Collect$$rtentry$$0000000C  c_w.l(__rtentry2.o)
    0x080001d6   0x00000008   Code   RO         2642    .ARM.Collect$$rtentry$$0000000D  c_w.l(__rtentry2.o)
    0x080001de   0x00000002   Code   RO         2770    .ARM.Collect$$rtexit$$00000000  c_w.l(rtexit.o)
    0x080001e0   0x00000000   Code   RO         2779    .ARM.Collect$$rtexit$$00000002  c_w.l(rtexit2.o)
    0x080001e0   0x00000004   Code   RO         2780    .ARM.Collect$$rtexit$$00000003  c_w.l(rtexit2.o)
    0x080001e4   0x00000006   Code   RO         2781    .ARM.Collect$$rtexit$$00000004  c_w.l(rtexit2.o)
    0x080001ea   0x00000002   PAD
    0x080001ec   0x00000040   Code   RO         1044  * .text               startup_stm32f10x_hd.o
    0x0800022c   0x00000002   Code   RO         2428    .text               c_w.l(use_no_semi_2.o)
    0x0800022e   0x00000002   PAD
    0x08000230   0x00000018   Code   RO         2432    .text               c_w.l(noretval__2printf.o)
    0x08000248   0x00000078   Code   RO         2436    .text               c_w.l(_printf_dec.o)
    0x080002c0   0x0000010e   Code   RO         2446    .text               c_w.l(__printf_wp.o)
    0x080003ce   0x00000006   Code   RO         2461    .text               c_w.l(heapauxi.o)
    0x080003d4   0x00000002   Code   RO         2573    .text               c_w.l(use_no_semi.o)
    0x080003d6   0x00000016   Code   RO         2576    .text               c_w.l(_rserrno.o)
    0x080003ec   0x000000b2   Code   RO         2578    .text               c_w.l(_printf_intcommon.o)
    0x0800049e   0x0000041a   Code   RO         2580    .text               c_w.l(_printf_fp_dec.o)
    0x080008b8   0x00000024   Code   RO         2582    .text               c_w.l(_printf_char_file.o)
    0x080008dc   0x00000008   Code   RO         2653    .text               c_w.l(rt_locale_intlibspace.o)
    0x080008e4   0x00000008   Code   RO         2658    .text               c_w.l(rt_errno_addr_intlibspace.o)
    0x080008ec   0x0000008a   Code   RO         2660    .text               c_w.l(lludiv10.o)
    0x08000976   0x00000002   PAD
    0x08000978   0x00000030   Code   RO         2662    .text               c_w.l(_printf_char_common.o)
    0x080009a8   0x00000080   Code   RO         2664    .text               c_w.l(_printf_fp_infnan.o)
    0x08000a28   0x000000dc   Code   RO         2666    .text               c_w.l(bigflt0.o)
    0x08000b04   0x00000008   Code   RO         2691    .text               c_w.l(ferror.o)
    0x08000b0c   0x00000008   Code   RO         2706    .text               c_w.l(libspace.o)
    0x08000b14   0x0000004a   Code   RO         2709    .text               c_w.l(sys_stackheap_outer.o)
    0x08000b5e   0x0000000c   Code   RO         2713    .text               c_w.l(exit.o)
    0x08000b6a   0x00000002   PAD
    0x08000b6c   0x00000080   Code   RO         2715    .text               c_w.l(strcmpv7m.o)
    0x08000bec   0x0000003e   Code   RO         2669    CL$$btod_d2e        c_w.l(btod.o)
    0x08000c2a   0x00000046   Code   RO         2671    CL$$btod_d2e_denorm_low  c_w.l(btod.o)
    0x08000c70   0x00000060   Code   RO         2670    CL$$btod_d2e_norm_op1  c_w.l(btod.o)
    0x08000cd0   0x00000338   Code   RO         2679    CL$$btod_div_common  c_w.l(btod.o)
    0x08001008   0x000000c6   Code   RO         2676    CL$$btod_e2e        c_w.l(btod.o)
    0x080010ce   0x00000028   Code   RO         2673    CL$$btod_ediv       c_w.l(btod.o)
    0x080010f6   0x00000028   Code   RO         2672    CL$$btod_emul       c_w.l(btod.o)
    0x0800111e   0x00000244   Code   RO         2678    CL$$btod_mult_common  c_w.l(btod.o)
    0x08001362   0x00000002   Code   RO          927    i.Adc_Init          adc.o
    0x08001364   0x0000017c   Code   RO          393    i.Auto_Run          robot.o
    0x080014e0   0x00000038   Code   RO          903    i.BEEP_Init         beep.o
    0x08001518   0x00000004   Code   RO          174    i.BusFault_Handler  stm32f10x_it.o
    0x0800151c   0x00000002   Code   RO          175    i.DebugMon_Handler  stm32f10x_it.o
    0x0800151e   0x00000014   Code   RO          716    i.Display           display.o
    0x08001532   0x00000002   PAD
    0x08001534   0x00000038   Code   RO          843    i.EXTI0_IRQHandler  key.o
    0x0800156c   0x00000038   Code   RO          844    i.EXTI1_IRQHandler  key.o
    0x080015a4   0x00000038   Code   RO          845    i.EXTI2_IRQHandler  key.o
    0x080015dc   0x00000038   Code   RO          846    i.EXTI3_IRQHandler  key.o
    0x08001614   0x00000038   Code   RO          847    i.EXTI4_IRQHandler  key.o
    0x0800164c   0x0000000c   Code   RO         1603    i.EXTI_ClearITPendingBit  stm32f10x_exti.o
    0x08001658   0x00000094   Code   RO         1608    i.EXTI_Init         stm32f10x_exti.o
    0x080016ec   0x00000040   Code   RO         1111    i.GPIO_EXTILineConfig  stm32f10x_gpio.o
    0x0800172c   0x00000116   Code   RO         1114    i.GPIO_Init         stm32f10x_gpio.o
    0x08001842   0x00000002   PAD
    0x08001844   0x00000090   Code   RO         1116    i.GPIO_PinRemapConfig  stm32f10x_gpio.o
    0x080018d4   0x00000012   Code   RO         1118    i.GPIO_ReadInputDataBit  stm32f10x_gpio.o
    0x080018e6   0x00000004   Code   RO         1121    i.GPIO_ResetBits    stm32f10x_gpio.o
    0x080018ea   0x00000004   Code   RO         1122    i.GPIO_SetBits      stm32f10x_gpio.o
    0x080018ee   0x00000004   Code   RO         1124    i.GPIO_Write        stm32f10x_gpio.o
    0x080018f2   0x00000002   PAD
    0x080018f4   0x00000098   Code   RO          521    i.GetControlMode    keyhander.o
    0x0800198c   0x00000074   Code   RO          522    i.GetParamState     keyhander.o
    0x08001a00   0x000000a4   Code   RO          523    i.GetTraj           keyhander.o
    0x08001aa4   0x00000004   Code   RO          176    i.HardFault_Handler  stm32f10x_it.o
    0x08001aa8   0x0000007c   Code   RO          394    i.HuiXuanJiuInit    robot.o
    0x08001b24   0x000004ec   Code   RO          395    i.HuiXuanJiuProcess  robot.o
    0x08002010   0x000000e4   Code   RO          589    i.Infrared_Temperature_Sensor  sensor.o
    0x080020f4   0x00000016   Code   RO          396    i.IsNumber          robot.o
    0x0800210a   0x00000002   PAD
    0x0800210c   0x00000174   Code   RO          848    i.KEY_Init          key.o
    0x08002280   0x0000003c   Code   RO          849    i.KEY_UP_SCAN       key.o
    0x080022bc   0x00000024   Code   RO          524    i.Key_Back_Hander   keyhander.o
    0x080022e0   0x00000030   Code   RO          525    i.Key_Down_Hander   keyhander.o
    0x08002310   0x00000020   Code   RO          526    i.Key_Forward_Hander  keyhander.o
    0x08002330   0x00000028   Code   RO          527    i.Key_Mode_Hander   keyhander.o
    0x08002358   0x00000074   Code   RO          528    i.Key_Ok_Hander     keyhander.o
    0x080023cc   0x00000030   Code   RO          529    i.Key_Up_Hander     keyhander.o
    0x080023fc   0x00000040   Code   RO          891    i.LED_Init          led.o
    0x0800243c   0x000000d0   Code   RO          717    i.ManualModeShowing  display.o
    0x0800250c   0x00000004   Code   RO          177    i.MemManage_Handler  stm32f10x_it.o
    0x08002510   0x000000d0   Code   RO          718    i.ModeShowing       display.o
    0x080025e0   0x00000002   Code   RO          178    i.NMI_Handler       stm32f10x_it.o
    0x080025e2   0x00000002   PAD
    0x080025e4   0x00000070   Code   RO         1048    i.NVIC_Init         misc.o
    0x08002654   0x00000014   Code   RO         1049    i.NVIC_PriorityGroupConfig  misc.o
    0x08002668   0x00000030   Code   RO          719    i.OLED_Clear        display.o
    0x08002698   0x00000068   Code   RO          722    i.OLED_DrawPoint    display.o
    0x08002700   0x00000168   Code   RO          982    i.OLED_Init         oled.o
    0x08002868   0x0000004c   Code   RO          724    i.OLED_Refresh_Gram  display.o
    0x080028b4   0x0000010c   Code   RO          725    i.OLED_ShowChar     display.o
    0x080029c0   0x00000094   Code   RO          726    i.OLED_ShowNum      display.o
    0x08002a54   0x0000005e   Code   RO          727    i.OLED_ShowString   display.o
    0x08002ab2   0x00000002   PAD
    0x08002ab4   0x00000040   Code   RO          728    i.OLED_WR_Byte      display.o
    0x08002af4   0x0000000a   Code   RO          590    i.Object_Temp_Read  sensor.o
    0x08002afe   0x00000002   PAD
    0x08002b00   0x000000ac   Code   RO          729    i.PRShowing         display.o
    0x08002bac   0x00000002   Code   RO          179    i.PendSV_Handler    stm32f10x_it.o
    0x08002bae   0x00000002   PAD
    0x08002bb0   0x000001e8   Code   RO          730    i.PrintfRobot       display.o
    0x08002d98   0x0000002c   Code   RO          591    i.PulseTrig         sensor.o
    0x08002dc4   0x00000070   Code   RO          397    i.QueZhuJiuInit     robot.o
    0x08002e34   0x00000148   Code   RO          398    i.QueZhuJiuProcess  robot.o
    0x08002f7c   0x00000020   Code   RO         1224    i.RCC_APB1PeriphClockCmd  stm32f10x_rcc.o
    0x08002f9c   0x00000020   Code   RO         1226    i.RCC_APB2PeriphClockCmd  stm32f10x_rcc.o
    0x08002fbc   0x000000d4   Code   RO         1234    i.RCC_GetClocksFreq  stm32f10x_rcc.o
    0x08003090   0x00000010   Code   RO          399    i.Robot_Init        robot.o
    0x080030a0   0x0000030c   Code   RO          400    i.Rot_x             robot.o
    0x080033ac   0x0000030c   Code   RO          401    i.Rot_y             robot.o
    0x080036b8   0x0000030c   Code   RO          402    i.Rot_z             robot.o
    0x080039c4   0x00000060   Code   RO          592    i.SMBus_M_To_S_Ack  sensor.o
    0x08003a24   0x00000064   Code   RO          593    i.SMBus_Read_Byte   sensor.o
    0x08003a88   0x00000080   Code   RO          594    i.SMBus_S_To_M_Ack  sensor.o
    0x08003b08   0x0000006c   Code   RO          595    i.SMBus_Send_Byte   sensor.o
    0x08003b74   0x00000054   Code   RO          596    i.SMBus_Start       sensor.o
    0x08003bc8   0x00000054   Code   RO          597    i.SMBus_Stop        sensor.o
    0x08003c1c   0x00000002   Code   RO          180    i.SVC_Handler       stm32f10x_it.o
    0x08003c1e   0x00000002   PAD
    0x08003c20   0x000001fc   Code   RO          915    i.Servo_Init        pwm.o
    0x08003e1c   0x00000008   Code   RO          263    i.SetSysClock       system_stm32f10x.o
    0x08003e24   0x000000e0   Code   RO          264    i.SetSysClockTo72   system_stm32f10x.o
    0x08003f04   0x000000c4   Code   RO          403    i.Set_Angle         robot.o
    0x08003fc8   0x00000002   Code   RO          731    i.ShowError         display.o
    0x08003fca   0x00000002   PAD
    0x08003fcc   0x00000040   Code   RO          939    i.Smbus_Init        smbus.o
    0x0800400c   0x00000028   Code   RO         1052    i.SysTick_CLKSourceConfig  misc.o
    0x08004034   0x00000002   Code   RO          181    i.SysTick_Handler   stm32f10x_it.o
    0x08004036   0x00000002   PAD
    0x08004038   0x00000060   Code   RO          266    i.SystemInit        system_stm32f10x.o
    0x08004098   0x00000080   Code   RO         1878    i.TI1_Config        stm32f10x_tim.o
    0x08004118   0x00000098   Code   RO         1879    i.TI2_Config        stm32f10x_tim.o
    0x080041b0   0x00000090   Code   RO         1880    i.TI3_Config        stm32f10x_tim.o
    0x08004240   0x00000098   Code   RO         1881    i.TI4_Config        stm32f10x_tim.o
    0x080042d8   0x00000118   Code   RO          994    i.TIM3_IRQHandler   timer.o
    0x080043f0   0x00000060   Code   RO          995    i.TIM3_Int_Init     timer.o
    0x08004450   0x000000d0   Code   RO          951    i.TIM5_IRQHandler   ultrasonic.o
    0x08004520   0x00000006   Code   RO         1889    i.TIM_ClearITPendingBit  stm32f10x_tim.o
    0x08004526   0x00000018   Code   RO         1894    i.TIM_Cmd           stm32f10x_tim.o
    0x0800453e   0x00000006   Code   RO         1909    i.TIM_GetCapture1   stm32f10x_tim.o
    0x08004544   0x00000022   Code   RO         1915    i.TIM_GetITStatus   stm32f10x_tim.o
    0x08004566   0x00000002   PAD
    0x08004568   0x000000ac   Code   RO         1917    i.TIM_ICInit        stm32f10x_tim.o
    0x08004614   0x00000012   Code   RO         1919    i.TIM_ITConfig      stm32f10x_tim.o
    0x08004626   0x00000002   PAD
    0x08004628   0x00000098   Code   RO         1923    i.TIM_OC1Init       stm32f10x_tim.o
    0x080046c0   0x00000012   Code   RO         1925    i.TIM_OC1PolarityConfig  stm32f10x_tim.o
    0x080046d2   0x00000012   Code   RO         1926    i.TIM_OC1PreloadConfig  stm32f10x_tim.o
    0x080046e4   0x000000a4   Code   RO         1928    i.TIM_OC2Init       stm32f10x_tim.o
    0x08004788   0x0000001a   Code   RO         1931    i.TIM_OC2PreloadConfig  stm32f10x_tim.o
    0x080047a2   0x00000002   PAD
    0x080047a4   0x000000a0   Code   RO         1933    i.TIM_OC3Init       stm32f10x_tim.o
    0x08004844   0x00000012   Code   RO         1936    i.TIM_OC3PreloadConfig  stm32f10x_tim.o
    0x08004856   0x00000002   PAD
    0x08004858   0x0000007c   Code   RO         1938    i.TIM_OC4Init       stm32f10x_tim.o
    0x080048d4   0x0000001a   Code   RO         1940    i.TIM_OC4PreloadConfig  stm32f10x_tim.o
    0x080048ee   0x00000004   Code   RO         1955    i.TIM_SetCompare1   stm32f10x_tim.o
    0x080048f2   0x00000004   Code   RO         1956    i.TIM_SetCompare2   stm32f10x_tim.o
    0x080048f6   0x00000004   Code   RO         1957    i.TIM_SetCompare3   stm32f10x_tim.o
    0x080048fa   0x00000006   Code   RO         1958    i.TIM_SetCompare4   stm32f10x_tim.o
    0x08004900   0x00000004   Code   RO         1959    i.TIM_SetCounter    stm32f10x_tim.o
    0x08004904   0x00000012   Code   RO         1960    i.TIM_SetIC1Prescaler  stm32f10x_tim.o
    0x08004916   0x0000001a   Code   RO         1961    i.TIM_SetIC2Prescaler  stm32f10x_tim.o
    0x08004930   0x00000012   Code   RO         1962    i.TIM_SetIC3Prescaler  stm32f10x_tim.o
    0x08004942   0x0000001a   Code   RO         1963    i.TIM_SetIC4Prescaler  stm32f10x_tim.o
    0x0800495c   0x000000a4   Code   RO         1965    i.TIM_TimeBaseInit  stm32f10x_tim.o
    0x08004a00   0x0000002c   Code   RO          952    i.TRIG_Init         ultrasonic.o
    0x08004a2c   0x00000018   Code   RO          404    i.Transl_x          robot.o
    0x08004a44   0x00000018   Code   RO          405    i.Transl_y          robot.o
    0x08004a5c   0x00000018   Code   RO          406    i.Transl_z          robot.o
    0x08004a74   0x00000088   Code   RO          352    i.USART1_IRQHandler  usart.o
    0x08004afc   0x00000018   Code   RO         1426    i.USART_Cmd         stm32f10x_usart.o
    0x08004b14   0x00000054   Code   RO         1430    i.USART_GetITStatus  stm32f10x_usart.o
    0x08004b68   0x0000004a   Code   RO         1432    i.USART_ITConfig    stm32f10x_usart.o
    0x08004bb2   0x00000002   PAD
    0x08004bb4   0x000000d8   Code   RO         1433    i.USART_Init        stm32f10x_usart.o
    0x08004c8c   0x0000000a   Code   RO         1440    i.USART_ReceiveData  stm32f10x_usart.o
    0x08004c96   0x00000002   PAD
    0x08004c98   0x00000060   Code   RO          598    i.UltrasonicRanging  sensor.o
    0x08004cf8   0x000000b0   Code   RO          953    i.UltrasonicRanging_Init  ultrasonic.o
    0x08004da8   0x00000004   Code   RO          182    i.UsageFault_Handler  stm32f10x_it.o
    0x08004dac   0x00000028   Code   RO         2619    i.__ARM_fpclassify  m_ws.l(fpclassify.o)
    0x08004dd4   0x00000388   Code   RO         2624    i.__ieee754_rem_pio2  m_ws.l(rred.o)
    0x0800515c   0x000000fc   Code   RO         2602    i.__kernel_cos      m_ws.l(cos_i.o)
    0x08005258   0x000000aa   Code   RO         2621    i.__kernel_poly     m_ws.l(poly.o)
    0x08005302   0x00000002   PAD
    0x08005304   0x000000ec   Code   RO         2629    i.__kernel_sin      m_ws.l(sin_i.o)
    0x080053f0   0x00000010   Code   RO         2605    i.__mathlib_dbl_divzero  m_ws.l(dunder.o)
    0x08005400   0x00000006   Code   RO         2606    i.__mathlib_dbl_infnan  m_ws.l(dunder.o)
    0x08005406   0x00000004   Code   RO         2607    i.__mathlib_dbl_infnan2  m_ws.l(dunder.o)
    0x0800540a   0x0000000c   Code   RO         2608    i.__mathlib_dbl_invalid  m_ws.l(dunder.o)
    0x08005416   0x0000000e   Code   RO         2609    i.__mathlib_dbl_overflow  m_ws.l(dunder.o)
    0x08005424   0x00000010   Code   RO         2611    i.__mathlib_dbl_underflow  m_ws.l(dunder.o)
    0x08005434   0x0000000e   Code   RO         2448    i._is_digit         c_w.l(__printf_wp.o)
    0x08005442   0x00000006   Code   RO          353    i._sys_exit         usart.o
    0x08005448   0x00000020   Code   RO          407    i.ang2rad           robot.o
    0x08005468   0x00000220   Code   RO         2522    i.atan              m_ws.l(atan.o)
    0x08005688   0x00000180   Code   RO         2532    i.atan2             m_ws.l(atan2.o)
    0x08005808   0x00000068   Code   RO          831    i.bsp_Init          bsp.o
    0x08005870   0x0000009c   Code   RO         2540    i.cos               m_ws.l(cos.o)
    0x0800590c   0x00000044   Code   RO          297    i.delay_init        delay.o
    0x08005950   0x0000004c   Code   RO          298    i.delay_ms          delay.o
    0x0800599c   0x0000004c   Code   RO          299    i.delay_us          delay.o
    0x080059e8   0x00002ad4   Code   RO          408    i.fkine_7bot        robot.o
    0x080084bc   0x0000001c   Code   RO          354    i.fputc             usart.o
    0x080084d8   0x00000954   Code   RO          409    i.ikine_7bot        robot.o
    0x08008e2c   0x00000100   Code   RO            1    i.main              main.o
    0x08008f2c   0x0000004a   Code   RO          410    i.mapping           robot.o
    0x08008f76   0x00000016   Code   RO          732    i.mypow             display.o
    0x08008f8c   0x000009b8   Code   RO         2548    i.pow               m_ws.l(pow.o)
    0x08009944   0x00000020   Code   RO          411    i.rad2ang           robot.o
    0x08009964   0x000000a0   Code   RO         2558    i.sin               m_ws.l(sin.o)
    0x08009a04   0x0000004c   Code   RO         2566    i.sqrt              m_ws.l(sqrt.o)
    0x08009a50   0x000000a0   Code   RO          355    i.uart_init         usart.o
    0x08009af0   0x0000002c   Code   RO         2696    locale$$code        c_w.l(lc_numeric_c.o)
    0x08009b1c   0x00000062   Code   RO         2465    x$fpl$d2f           fz_ws.l(d2f.o)
    0x08009b7e   0x00000002   PAD
    0x08009b80   0x00000150   Code   RO         2467    x$fpl$dadd          fz_ws.l(daddsub_clz.o)
    0x08009cd0   0x00000010   Code   RO         2698    x$fpl$dcheck1       fz_ws.l(dcheck1.o)
    0x08009ce0   0x00000018   Code   RO         2585    x$fpl$dcmpinf       fz_ws.l(dcmpi.o)
    0x08009cf8   0x000002b0   Code   RO         2474    x$fpl$ddiv          fz_ws.l(ddiv.o)
    0x08009fa8   0x0000005e   Code   RO         2700    x$fpl$dfix          fz_ws.l(dfix.o)
    0x0800a006   0x0000002e   Code   RO         2478    x$fpl$dflt          fz_ws.l(dflt_clz.o)
    0x0800a034   0x00000026   Code   RO         2477    x$fpl$dfltu         fz_ws.l(dflt_clz.o)
    0x0800a05a   0x00000002   PAD
    0x0800a05c   0x00000078   Code   RO         2483    x$fpl$dleqf         fz_ws.l(dleqf.o)
    0x0800a0d4   0x00000154   Code   RO         2485    x$fpl$dmul          fz_ws.l(dmul.o)
    0x0800a228   0x0000009c   Code   RO         2587    x$fpl$dnaninf       fz_ws.l(dnaninf.o)
    0x0800a2c4   0x0000000c   Code   RO         2589    x$fpl$dretinf       fz_ws.l(dretinf.o)
    0x0800a2d0   0x0000006c   Code   RO         2487    x$fpl$drleqf        fz_ws.l(drleqf.o)
    0x0800a33c   0x00000016   Code   RO         2468    x$fpl$drsb          fz_ws.l(daddsub_clz.o)
    0x0800a352   0x00000002   PAD
    0x0800a354   0x000001cc   Code   RO         2591    x$fpl$dsqrt         fz_ws.l(dsqrt_noumaal.o)
    0x0800a520   0x000001d4   Code   RO         2469    x$fpl$dsub          fz_ws.l(daddsub_clz.o)
    0x0800a6f4   0x00000056   Code   RO         2489    x$fpl$f2d           fz_ws.l(f2d.o)
    0x0800a74a   0x00000002   PAD
    0x0800a74c   0x000000c4   Code   RO         2491    x$fpl$fadd          fz_ws.l(faddsub_clz.o)
    0x0800a810   0x00000018   Code   RO         2593    x$fpl$fcmpinf       fz_ws.l(fcmpi.o)
    0x0800a828   0x00000184   Code   RO         2498    x$fpl$fdiv          fz_ws.l(fdiv.o)
    0x0800a9ac   0x00000068   Code   RO         2501    x$fpl$feqf          fz_ws.l(feqf.o)
    0x0800aa14   0x0000003e   Code   RO         2503    x$fpl$ffixu         fz_ws.l(ffixu.o)
    0x0800aa52   0x00000002   PAD
    0x0800aa54   0x00000030   Code   RO         2508    x$fpl$fflt          fz_ws.l(fflt_clz.o)
    0x0800aa84   0x00000026   Code   RO         2507    x$fpl$ffltu         fz_ws.l(fflt_clz.o)
    0x0800aaaa   0x00000002   PAD
    0x0800aaac   0x00000068   Code   RO         2513    x$fpl$fleqf         fz_ws.l(fleqf.o)
    0x0800ab14   0x00000102   Code   RO         2515    x$fpl$fmul          fz_ws.l(fmul.o)
    0x0800ac16   0x0000008c   Code   RO         2595    x$fpl$fnaninf       fz_ws.l(fnaninf.o)
    0x0800aca2   0x0000000a   Code   RO         2597    x$fpl$fretinf       fz_ws.l(fretinf.o)
    0x0800acac   0x00000062   Code   RO         2517    x$fpl$frleqf        fz_ws.l(frleqf.o)
    0x0800ad0e   0x00000014   Code   RO         2492    x$fpl$frsb          fz_ws.l(faddsub_clz.o)
    0x0800ad22   0x00000002   PAD
    0x0800ad24   0x000000ea   Code   RO         2493    x$fpl$fsub          fz_ws.l(faddsub_clz.o)
    0x0800ae0e   0x00000004   Code   RO         2519    x$fpl$printf1       fz_ws.l(printf1.o)
    0x0800ae12   0x00000064   Code   RO         2768    x$fpl$retnan        fz_ws.l(retnan.o)
    0x0800ae76   0x0000005c   Code   RO         2599    x$fpl$scalbn        fz_ws.l(scalbn.o)
    0x0800aed2   0x00000030   Code   RO         2776    x$fpl$trapveneer    fz_ws.l(trapv.o)
    0x0800af02   0x00000000   Code   RO         2601    x$fpl$usenofp       fz_ws.l(usenofp.o)
    0x0800af02   0x000017c0   Data   RO          734    .constdata          display.o
    0x0800c6c2   0x00000006   PAD
    0x0800c6c8   0x00000098   Data   RO         2523    .constdata          m_ws.l(atan.o)
    0x0800c760   0x00000088   Data   RO         2549    .constdata          m_ws.l(pow.o)
    0x0800c7e8   0x00000030   Data   RO         2603    .constdata          m_ws.l(cos_i.o)
    0x0800c818   0x00000008   Data   RO         2623    .constdata          m_ws.l(qnan.o)
    0x0800c820   0x000000c8   Data   RO         2626    .constdata          m_ws.l(rred.o)
    0x0800c8e8   0x00000028   Data   RO         2630    .constdata          m_ws.l(sin_i.o)
    0x0800c910   0x00000094   Data   RO         2667    .constdata          c_w.l(bigflt0.o)
    0x0800c9a4   0x00000020   Data   RO         2846    Region$$Table       anon$$obj.o
    0x0800c9c4   0x0000001c   Data   RO         2695    locale$$data        c_w.l(lc_numeric_c.o)


    Execution Region ER_RW (Base: 0x20000000, Size: 0x00000080, Max: 0xffffffff, ABSOLUTE)

    Base Addr    Size         Type   Attr      Idx    E Section Name        Object

    0x20000000   0x00000010   Data   RW            2    .data               main.o
    0x20000010   0x00000014   Data   RW          267    .data               system_stm32f10x.o
    0x20000024   0x00000004   Data   RW          300    .data               delay.o
    0x20000028   0x00000006   Data   RW          357    .data               usart.o
    0x2000002e   0x00000002   PAD
    0x20000030   0x0000001e   Data   RW          413    .data               robot.o
    0x2000004e   0x00000002   PAD
    0x20000050   0x00000010   Data   RW          530    .data               keyhander.o
    0x20000060   0x00000008   Data   RW          954    .data               ultrasonic.o
    0x20000068   0x00000003   Data   RW          996    .data               timer.o
    0x2000006b   0x00000014   Data   RW         1254    .data               stm32f10x_rcc.o


    Execution Region ER_ZI (Base: 0x20000080, Size: 0x00000bb0, Max: 0xffffffff, ABSOLUTE)

    Base Addr    Size         Type   Attr      Idx    E Section Name        Object

    0x20000080   0x000000c8   Zero   RW          356    .bss                usart.o
    0x20000148   0x00000084   Zero   RW          412    .bss                robot.o
    0x200001cc   0x00000400   Zero   RW          733    .bss                display.o
    0x200005cc   0x00000060   Zero   RW         2707    .bss                c_w.l(libspace.o)
    0x2000062c   0x00000004   PAD
    0x20000630   0x00000200   Zero   RW         1042    HEAP                startup_stm32f10x_hd.o
    0x20000830   0x00000400   Zero   RW         1041    STACK               startup_stm32f10x_hd.o


==============================================================================

Image component sizes


      Code (inc. data)   RO Data    RW Data    ZI Data      Debug   Object Name

         2          0          0          0          0        379   adc.o
        56          6          0          0          0        464   beep.o
       104         20          0          0          0        463   bsp.o
       220         26          0          4          0       1583   delay.o
      1922        408       6080          0       1024       9026   display.o
       712         64          0          0          0       3484   key.o
       752        160          0         16          0       4875   keyhander.o
        64         12          0          0          0        459   led.o
       256        102          0         16          0     256786   main.o
       172         22          0          0          0       1945   misc.o
       360         28          0          0          0        624   oled.o
       508         18          0          0          0        833   pwm.o
     18340        310          0         30        132      13497   robot.o
       978        116          0          0          0       5418   sensor.o
        64         12          0          0          0        473   smbus.o
        64         26        304          0       1536        776   startup_stm32f10x_hd.o
       160         12          0          0          0       1417   stm32f10x_exti.o
       516         10          0          0          0       5385   stm32f10x_gpio.o
        26          0          0          0          0       3450   stm32f10x_it.o
       276         32          0         20          0       4290   stm32f10x_rcc.o
      1816        200          0          0          0      17514   stm32f10x_tim.o
       408          6          0          0          0       4782   stm32f10x_usart.o
         0          0          0          0          0         32   sys.o
       328         28          0         20          0       1945   system_stm32f10x.o
       376         62          0          3          0       1400   timer.o
       428         28          0          8          0       2049   ultrasonic.o
       330         26          0          6        200       3944   usart.o

    ----------------------------------------------------------------------
     29272       1734       6422        128       2892     347293   Object Totals
         0          0         32          0          0          0   (incl. Generated)
        34          0          6          5          0          0   (incl. Padding)

    ----------------------------------------------------------------------

      Code (inc. data)   RO Data    RW Data    ZI Data      Debug   Library Member Name

         8          0          0          0          0         68   __main.o
       284          0          0          0          0        156   __printf_wp.o
         0          0          0          0          0          0   __rtentry.o
        12          0          0          0          0          0   __rtentry2.o
         6          0          0          0          0          0   __rtentry4.o
        52          8          0          0          0          0   __scatter.o
        26          0          0          0          0          0   __scatter_copy.o
        28          0          0          0          0          0   __scatter_zi.o
        48          6          0          0          0         96   _printf_char_common.o
        36          4          0          0          0         80   _printf_char_file.o
         6          0          0          0          0          0   _printf_d.o
       120         16          0          0          0         92   _printf_dec.o
         6          0          0          0          0          0   _printf_f.o
      1050          0          0          0          0        216   _printf_fp_dec.o
       128         16          0          0          0         84   _printf_fp_infnan.o
       178          0          0          0          0         88   _printf_intcommon.o
         0          0          0          0          0          0   _printf_percent.o
         4          0          0          0          0          0   _printf_percent_end.o
        22          0          0          0          0        100   _rserrno.o
       220          4        148          0          0         96   bigflt0.o
      1910        128          0          0          0        672   btod.o
        12          0          0          0          0         72   exit.o
         8          0          0          0          0         68   ferror.o
         6          0          0          0          0        152   heapauxi.o
        44         10         28          0          0         76   lc_numeric_c.o
         2          0          0          0          0          0   libinit.o
        18          0          0          0          0          0   libinit2.o
         2          0          0          0          0          0   libshutdown.o
         2          0          0          0          0          0   libshutdown2.o
         8          4          0          0         96         68   libspace.o
       138          0          0          0          0         80   lludiv10.o
        24          4          0          0          0         84   noretval__2printf.o
         8          4          0          0          0         68   rt_errno_addr_intlibspace.o
         8          4          0          0          0         68   rt_locale_intlibspace.o
         2          0          0          0          0          0   rtexit.o
        10          0          0          0          0          0   rtexit2.o
       128          0          0          0          0         68   strcmpv7m.o
        74          0          0          0          0         80   sys_stackheap_outer.o
         2          0          0          0          0         68   use_no_semi.o
         2          0          0          0          0         68   use_no_semi_2.o
        98          4          0          0          0         92   d2f.o
       826         16          0          0          0        348   daddsub_clz.o
        16          4          0          0          0         68   dcheck1.o
        24          0          0          0          0         68   dcmpi.o
       688        140          0          0          0        208   ddiv.o
        94          4          0          0          0         92   dfix.o
        84          0          0          0          0        136   dflt_clz.o
       120          4          0          0          0         92   dleqf.o
       340         12          0          0          0        104   dmul.o
       156          4          0          0          0         92   dnaninf.o
        12          0          0          0          0         68   dretinf.o
       108          0          0          0          0         80   drleqf.o
       460         56          0          0          0        120   dsqrt_noumaal.o
        86          4          0          0          0         84   f2d.o
       450          8          0          0          0        236   faddsub_clz.o
        24          0          0          0          0         68   fcmpi.o
       388         76          0          0          0         96   fdiv.o
       104          4          0          0          0         84   feqf.o
        62          4          0          0          0         84   ffixu.o
        86          0          0          0          0        136   fflt_clz.o
       104          4          0          0          0         84   fleqf.o
       258          4          0          0          0         84   fmul.o
       140          4          0          0          0         84   fnaninf.o
        10          0          0          0          0         68   fretinf.o
        98          0          0          0          0         68   frleqf.o
         4          0          0          0          0         68   printf1.o
       100          0          0          0          0         68   retnan.o
        92          0          0          0          0         68   scalbn.o
        48          0          0          0          0         68   trapv.o
         0          0          0          0          0          0   usenofp.o
       544         70        152          0          0        124   atan.o
       384         38          0          0          0        144   atan2.o
       156          8          0          0          0        104   cos.o
       252         22         48          0          0        124   cos_i.o
        68         10          0          0          0        408   dunder.o
        40          0          0          0          0         68   fpclassify.o
       170          0          0          0          0         96   poly.o
      2488        190        136          0          0        300   pow.o
         0          0          8          0          0          0   qnan.o
       904         76        200          0          0        140   rred.o
       160         10          0          0          0        108   sin.o
       236         12         40          0          0        128   sin_i.o
        76          0          0          0          0         84   sqrt.o

    ----------------------------------------------------------------------
     15226        996        760          0        100       7612   Library Totals
        26          0          0          0          4          0   (incl. Padding)

    ----------------------------------------------------------------------

      Code (inc. data)   RO Data    RW Data    ZI Data      Debug   Library Name

      4642        208        176          0         96       2768   c_w.l
      5080        352          0          0          0       3016   fz_ws.l
      5478        436        584          0          0       1828   m_ws.l

    ----------------------------------------------------------------------
     15226        996        760          0        100       7612   Library Totals

    ----------------------------------------------------------------------

==============================================================================


      Code (inc. data)   RO Data    RW Data    ZI Data      Debug   

     44498       2730       7182        128       2992     343617   Grand Totals
     44498       2730       7182        128       2992     343617   ELF Image Totals
     44498       2730       7182        128          0          0   ROM Totals

==============================================================================

    Total RO  Size (Code + RO Data)                51680 (  50.47kB)
    Total RW  Size (RW Data + ZI Data)              3120 (   3.05kB)
    Total ROM Size (Code + RO Data + RW Data)      51808 (  50.59kB)

==============================================================================

